Component: ARM Compiler 5.06 update 6 (build 750) Tool: armlink [4d35ed]

==============================================================================

Section Cross References

    main.o(i.main) refers to stm32f4xx_hal.o(i.HAL_Init) for HAL_Init
    main.o(i.main) refers to bsp_clock.o(i.SystemClock_Config) for SystemClock_Config
    main.o(i.main) refers to bsp_gpio.o(i.MX_GPIO_Init) for MX_GPIO_Init
    main.o(i.main) refers to bsp_uart.o(i.MX_USART1_UART_Init) for MX_USART1_UART_Init
    main.o(i.main) refers to printf1.o(i.__0printf$1) for __2printf
    main.o(i.main) refers to stm32f4xx_hal_gpio.o(i.HAL_GPIO_WritePin) for HAL_GPIO_WritePin
    main.o(i.main) refers to thread.o(i.rt_thread_mdelay) for rt_thread_mdelay
    stm32f4xx_hal_msp.o(i.HAL_UART_MspDeInit) refers to stm32f4xx_hal_gpio.o(i.HAL_GPIO_DeInit) for HAL_GPIO_DeInit
    stm32f4xx_hal_msp.o(i.HAL_UART_MspInit) refers to memseta.o(.text) for __aeabi_memclr4
    stm32f4xx_hal_msp.o(i.HAL_UART_MspInit) refers to stm32f4xx_hal_gpio.o(i.HAL_GPIO_Init) for HAL_GPIO_Init
    bsp_clock.o(i.SystemClock_Config) refers to memseta.o(.text) for __aeabi_memclr4
    bsp_clock.o(i.SystemClock_Config) refers to stm32f4xx_hal_rcc.o(i.HAL_RCC_OscConfig) for HAL_RCC_OscConfig
    bsp_clock.o(i.SystemClock_Config) refers to main.o(i.Error_Handler) for Error_Handler
    bsp_clock.o(i.SystemClock_Config) refers to stm32f4xx_hal_pwr_ex.o(i.HAL_PWREx_EnableOverDrive) for HAL_PWREx_EnableOverDrive
    bsp_clock.o(i.SystemClock_Config) refers to stm32f4xx_hal_rcc.o(i.HAL_RCC_ClockConfig) for HAL_RCC_ClockConfig
    bsp_clock.o(i.get_RCCCLOCK) refers to stm32f4xx_hal_rcc.o(i.HAL_RCC_GetSysClockFreq) for HAL_RCC_GetSysClockFreq
    bsp_clock.o(i.get_RCCCLOCK) refers to printf1.o(i.__0printf$1) for __2printf
    bsp_clock.o(i.get_RCCCLOCK) refers to stm32f4xx_hal_rcc.o(i.HAL_RCC_GetHCLKFreq) for HAL_RCC_GetHCLKFreq
    bsp_clock.o(i.get_RCCCLOCK) refers to stm32f4xx_hal_rcc.o(i.HAL_RCC_GetPCLK1Freq) for HAL_RCC_GetPCLK1Freq
    bsp_clock.o(i.get_RCCCLOCK) refers to stm32f4xx_hal_rcc.o(i.HAL_RCC_GetPCLK2Freq) for HAL_RCC_GetPCLK2Freq
    bsp_gpio.o(i.MX_GPIO_Init) refers to memseta.o(.text) for __aeabi_memclr4
    bsp_gpio.o(i.MX_GPIO_Init) refers to stm32f4xx_hal_gpio.o(i.HAL_GPIO_WritePin) for HAL_GPIO_WritePin
    bsp_gpio.o(i.MX_GPIO_Init) refers to stm32f4xx_hal_gpio.o(i.HAL_GPIO_Init) for HAL_GPIO_Init
    bsp_uart.o(i.MX_USART1_UART_Init) refers to stm32f4xx_hal_uart.o(i.HAL_UART_Init) for HAL_UART_Init
    bsp_uart.o(i.MX_USART1_UART_Init) refers to main.o(i.Error_Handler) for Error_Handler
    bsp_uart.o(i.MX_USART1_UART_Init) refers to bsp_uart.o(.bss) for .bss
    bsp_uart.o(i.USART1_PutChar) refers to stm32f4xx_hal_uart.o(i.HAL_UART_Transmit) for HAL_UART_Transmit
    bsp_uart.o(i.USART1_PutChar) refers to bsp_uart.o(.bss) for .bss
    bsp_uart.o(i.fputc) refers to bsp_uart.o(i.USART1_PutChar) for USART1_PutChar
    startup_stm32f429xx.o(RESET) refers to startup_stm32f429xx.o(STACK) for __initial_sp
    startup_stm32f429xx.o(RESET) refers to startup_stm32f429xx.o(.text) for Reset_Handler
    startup_stm32f429xx.o(RESET) refers to stm32f4xx_it.o(i.NMI_Handler) for NMI_Handler
    startup_stm32f429xx.o(RESET) refers to context_rvds.o(.text) for HardFault_Handler
    startup_stm32f429xx.o(RESET) refers to stm32f4xx_it.o(i.MemManage_Handler) for MemManage_Handler
    startup_stm32f429xx.o(RESET) refers to stm32f4xx_it.o(i.BusFault_Handler) for BusFault_Handler
    startup_stm32f429xx.o(RESET) refers to stm32f4xx_it.o(i.UsageFault_Handler) for UsageFault_Handler
    startup_stm32f429xx.o(RESET) refers to stm32f4xx_it.o(i.SVC_Handler) for SVC_Handler
    startup_stm32f429xx.o(RESET) refers to stm32f4xx_it.o(i.DebugMon_Handler) for DebugMon_Handler
    startup_stm32f429xx.o(RESET) refers to board.o(i.SysTick_Handler) for SysTick_Handler
    startup_stm32f429xx.o(.text) refers to system_stm32f4xx.o(i.SystemInit) for SystemInit
    startup_stm32f429xx.o(.text) refers to entry.o(.ARM.Collect$$$$00000000) for __main
    stm32f4xx_hal_uart.o(i.HAL_HalfDuplex_Init) refers to stm32f4xx_hal_msp.o(i.HAL_UART_MspInit) for HAL_UART_MspInit
    stm32f4xx_hal_uart.o(i.HAL_HalfDuplex_Init) refers to stm32f4xx_hal_uart.o(i.UART_SetConfig) for UART_SetConfig
    stm32f4xx_hal_uart.o(i.HAL_LIN_Init) refers to stm32f4xx_hal_msp.o(i.HAL_UART_MspInit) for HAL_UART_MspInit
    stm32f4xx_hal_uart.o(i.HAL_LIN_Init) refers to stm32f4xx_hal_uart.o(i.UART_SetConfig) for UART_SetConfig
    stm32f4xx_hal_uart.o(i.HAL_MultiProcessor_Init) refers to stm32f4xx_hal_msp.o(i.HAL_UART_MspInit) for HAL_UART_MspInit
    stm32f4xx_hal_uart.o(i.HAL_MultiProcessor_Init) refers to stm32f4xx_hal_uart.o(i.UART_SetConfig) for UART_SetConfig
    stm32f4xx_hal_uart.o(i.HAL_UART_Abort) refers to stm32f4xx_hal_dma.o(i.HAL_DMA_Abort) for HAL_DMA_Abort
    stm32f4xx_hal_uart.o(i.HAL_UART_Abort) refers to stm32f4xx_hal_dma.o(i.HAL_DMA_GetError) for HAL_DMA_GetError
[...]
    ..\rt-thread-3.1.3\src\timer.c           0x00000000   Number         0  timer.o ABSOLUTE
    cdrcmple.s                               0x00000000   Number         0  cdrcmple.o ABSOLUTE
    dc.s                                     0x00000000   Number         0  dc.o ABSOLUTE
    handlers.s                               0x00000000   Number         0  handlers.o ABSOLUTE
    init.s                                   0x00000000   Number         0  init.o ABSOLUTE
    startup_stm32f429xx.s                    0x00000000   Number         0  startup_stm32f429xx.o ABSOLUTE
    RESET                                    0x08000000   Section      428  startup_stm32f429xx.o(RESET)
    .ARM.Collect$$$$00000000                 0x080001ac   Section        0  entry.o(.ARM.Collect$$$$00000000)
    .ARM.Collect$$$$00000001                 0x080001ac   Section        4  entry2.o(.ARM.Collect$$$$00000001)
    .ARM.Collect$$$$00000004                 0x080001b0   Section        4  entry5.o(.ARM.Collect$$$$00000004)
    .ARM.Collect$$$$00000008                 0x080001b4   Section        0  entry7b.o(.ARM.Collect$$$$00000008)
    .ARM.Collect$$$$0000000A                 0x080001b4   Section        0  entry8b.o(.ARM.Collect$$$$0000000A)
    .ARM.Collect$$$$0000000B                 0x080001b4   Section        8  entry9a.o(.ARM.Collect$$$$0000000B)
    .ARM.Collect$$$$0000000D                 0x080001bc   Section        0  entry10a.o(.ARM.Collect$$$$0000000D)
    .ARM.Collect$$$$0000000F                 0x080001bc   Section        0  entry11a.o(.ARM.Collect$$$$0000000F)
    .ARM.Collect$$$$00002712                 0x080001bc   Section        4  entry2.o(.ARM.Collect$$$$00002712)
    __lit__00000000                          0x080001bc   Data           4  entry2.o(.ARM.Collect$$$$00002712)
    .text                                    0x080001c0   Section       36  startup_stm32f429xx.o(.text)
    $v0                                      0x080001c0   Number         0  startup_stm32f429xx.o(.text)
    .text                                    0x080001e4   Section      308  context_rvds.o(.text)
    $v0                                      0x080001e4   Number         0  context_rvds.o(.text)
    .text                                    0x08000318   Section        0  uldiv.o(.text)
    .text                                    0x0800037a   Section        0  memcpya.o(.text)
    .text                                    0x0800039e   Section        0  memseta.o(.text)
    .text                                    0x080003c2   Section        0  strcat.o(.text)
    .text                                    0x080003da   Section        0  strncpy.o(.text)
    .text                                    0x080003f2   Section        0  strlen.o(.text)
    .text                                    0x08000400   Section        0  strcpy.o(.text)
    .text                                    0x08000412   Section        0  strncmp.o(.text)
    .text                                    0x08000430   Section        0  uidiv.o(.text)
    .text                                    0x0800045c   Section        0  llshl.o(.text)
    .text                                    0x0800047a   Section        0  llushr.o(.text)
    .text                                    0x0800049c   Section       36  init.o(.text)
    i.$Sub$$main                             0x080004c0   Section        0  components.o(i.$Sub$$main)
    i.BusFault_Handler                       0x080004ca   Section        0  stm32f4xx_it.o(i.BusFault_Handler)
    i.DebugMon_Handler                       0x080004cc   Section        0  stm32f4xx_it.o(i.DebugMon_Handler)
    i.Error_Handler                          0x080004ce   Section        0  main.o(i.Error_Handler)
    i.HAL_GPIO_Init                          0x080004d0   Section        0  stm32f4xx_hal_gpio.o(i.HAL_GPIO_Init)
    i.HAL_GPIO_WritePin                      0x080006a4   Section        0  stm32f4xx_hal_gpio.o(i.HAL_GPIO_WritePin)
    i.HAL_GetTick                            0x080006b0   Section        0  stm32f4xx_hal.o(i.HAL_GetTick)
    i.HAL_Init                               0x080006bc   Section        0  stm32f4xx_hal.o(i.HAL_Init)
    i.HAL_InitTick                           0x080006f0   Section        0  stm32f4xx_hal.o(i.HAL_InitTick)
    i.HAL_MspInit                            0x08000730   Section        0  stm32f4xx_hal_msp.o(i.HAL_MspInit)
    i.HAL_NVIC_SetPriority                   0x08000760   Section        0  stm32f4xx_hal_cortex.o(i.HAL_NVIC_SetPriority)
    i.HAL_NVIC_SetPriorityGrouping           0x080007a0   Section        0  stm32f4xx_hal_cortex.o(i.HAL_NVIC_SetPriorityGrouping)
    i.HAL_PWREx_EnableOverDrive              0x080007c4   Section        0  stm32f4xx_hal_pwr_ex.o(i.HAL_PWREx_EnableOverDrive)
    i.HAL_RCC_ClockConfig                    0x08000834   Section        0  stm32f4xx_hal_rcc.o(i.HAL_RCC_ClockConfig)
    i.HAL_RCC_GetPCLK1Freq                   0x08000968   Section        0  stm32f4xx_hal_rcc.o(i.HAL_RCC_GetPCLK1Freq)
    i.HAL_RCC_GetPCLK2Freq                   0x08000988   Section        0  stm32f4xx_hal_rcc.o(i.HAL_RCC_GetPCLK2Freq)
    i.HAL_RCC_GetSysClockFreq                0x080009a8   Section        0  stm32f4xx_hal_rcc.o(i.HAL_RCC_GetSysClockFreq)
    i.HAL_RCC_OscConfig                      0x08000a0c   Section        0  stm32f4xx_hal_rcc.o(i.HAL_RCC_OscConfig)
    i.HAL_SYSTICK_Config                     0x08000d68   Section        0  stm32f4xx_hal_cortex.o(i.HAL_SYSTICK_Config)
    i.HAL_UART_Init                          0x08000d90   Section        0  stm32f4xx_hal_uart.o(i.HAL_UART_Init)
    i.HAL_UART_MspInit                       0x08000df4   Section        0  stm32f4xx_hal_msp.o(i.HAL_UART_MspInit)
    i.HAL_UART_Transmit                      0x08000e60   Section        0  stm32f4xx_hal_uart.o(i.HAL_UART_Transmit)
    i.MX_GPIO_Init                           0x08000f1c   Section        0  bsp_gpio.o(i.MX_GPIO_Init)
    i.MX_USART1_UART_Init                    0x08000f98   Section        0  bsp_uart.o(i.MX_USART1_UART_Init)
    i.MemManage_Handler                      0x08000fd0   Section        0  stm32f4xx_it.o(i.MemManage_Handler)
    i.NMI_Handler                            0x08000fd2   Section        0  stm32f4xx_it.o(i.NMI_Handler)
    i.SVC_Handler                            0x08000fd4   Section        0  stm32f4xx_it.o(i.SVC_Handler)
    i.SysTick_Handler                        0x08000fd6   Section        0  board.o(i.SysTick_Handler)
    i.SystemClock_Config                     0x08000fe8   Section        0  bsp_clock.o(i.SystemClock_Config)
    i.SystemCoreClockUpdate                  0x08001088   Section        0  system_stm32f4xx.o(i.SystemCoreClockUpdate)
    i.SystemInit                             0x08001104   Section        0  system_stm32f4xx.o(i.SystemInit)
    i.UART_SetConfig                         0x08001120   Section        0  stm32f4xx_hal_uart.o(i.UART_SetConfig)
    UART_SetConfig                           0x08001121   Thumb Code   286  stm32f4xx_hal_uart.o(i.UART_SetConfig)
    i.UART_WaitOnFlagUntilTimeout            0x08001248   Section        0  stm32f4xx_hal_uart.o(i.UART_WaitOnFlagUntilTimeout)
    UART_WaitOnFlagUntilTimeout              0x08001249   Thumb Code   100  stm32f4xx_hal_uart.o(i.UART_WaitOnFlagUntilTimeout)
    i.USART1_PutChar                         0x080012ac   Section        0  bsp_uart.o(i.USART1_PutChar)
    i.UsageFault_Handler                     0x080012c4   Section        0  stm32f4xx_it.o(i.UsageFault_Handler)
    i.__0printf$1                            0x080012c8   Section        0  printf1.o(i.__0printf$1)
    i.__NVIC_SetPriority                     0x080012e8   Section        0  stm32f4xx_hal_cortex.o(i.__NVIC_SetPriority)
    __NVIC_SetPriority                       0x080012e9   Thumb Code    32  stm32f4xx_hal_cortex.o(i.__NVIC_SetPriority)
    i.__rt_ffs                               0x08001308   Section        0  kservice.o(i.__rt_ffs)
    i.__scatterload_copy                     0x0800134c   Section       14  handlers.o(i.__scatterload_copy)
    i.__scatterload_null                     0x0800135a   Section        2  handlers.o(i.__scatterload_null)
    i.__scatterload_zeroinit                 0x0800135c   Section       14  handlers.o(i.__scatterload_zeroinit)
    i._has_defunct_thread                    0x0800136c   Section        0  idle.o(i._has_defunct_thread)
    _has_defunct_thread                      0x0800136d   Thumb Code    16  idle.o(i._has_defunct_thread)
    i._msh_exec_cmd                          0x08001380   Section        0  msh.o(i._msh_exec_cmd)
    _msh_exec_cmd                            0x08001381   Thumb Code   140  msh.o(i._msh_exec_cmd)
    i._printf_core                           0x0800141c   Section        0  printf1.o(i._printf_core)
    _printf_core                             0x0800141d   Thumb Code   336  printf1.o(i._printf_core)
    i._rt_thread_init                        0x08001570   Section        0  thread.o(i._rt_thread_init)
    _rt_thread_init                          0x08001571   Thumb Code   118  thread.o(i._rt_thread_init)
    i._rt_timer_remove                       0x080015f0   Section        0  timer.o(i._rt_timer_remove)
    _rt_timer_remove                         0x080015f1   Thumb Code    18  timer.o(i._rt_timer_remove)
    i.bus_fault_track                        0x08001604   Section        0  cpuport.o(i.bus_fault_track)
    bus_fault_track                          0x08001605   Thumb Code   110  cpuport.o(i.bus_fault_track)
    i.cmd_ps                                 0x080016ec   Section        0  msh.o(i.cmd_ps)
    i.finsh_get_prompt                       0x080016f8   Section        0  shell.o(i.finsh_get_prompt)
    i.finsh_set_prompt_mode                  0x08001758   Section        0  shell.o(i.finsh_set_prompt_mode)
    i.finsh_system_function_init             0x0800176c   Section        0  shell.o(i.finsh_system_function_init)
    i.finsh_system_init                      0x08001778   Section        0  shell.o(i.finsh_system_init)
    i.finsh_thread_entry                     0x080017f0   Section        0  shell.o(i.finsh_thread_entry)
    i.fputc                                  0x08001a7c   Section        0  bsp_uart.o(i.fputc)
    i.hard_fault_track                       0x08001a8c   Section        0  cpuport.o(i.hard_fault_track)
    hard_fault_track                         0x08001a8d   Thumb Code    76  cpuport.o(i.hard_fault_track)
    i.hello                                  0x08001b04   Section        0  cmd.o(i.hello)
    i.list                                   0x08001b24   Section        0  cmd.o(i.list)
    i.list_find_init                         0x08001b78   Section        0  cmd.o(i.list_find_init)
    list_find_init                           0x08001b79   Thumb Code    36  cmd.o(i.list_find_init)
    i.list_get_next                          0x08001b9c   Section        0  cmd.o(i.list_get_next)
    list_get_next                            0x08001b9d   Thumb Code   102  cmd.o(i.list_get_next)
    i.list_mailbox                           0x08001c04   Section        0  cmd.o(i.list_mailbox)
    i.list_sem                               0x08001d48   Section        0  cmd.o(i.list_sem)
    i.list_thread                            0x08001e64   Section        0  cmd.o(i.list_thread)
    i.list_timer                             0x0800201c   Section        0  cmd.o(i.list_timer)
    i.main                                   0x0800215c   Section        0  main.o(i.main)
    i.main_thread_entry                      0x080021b8   Section        0  components.o(i.main_thread_entry)
    i.mem_manage_fault_track                 0x080021c8   Section        0  cpuport.o(i.mem_manage_fault_track)
    mem_manage_fault_track                   0x080021c9   Thumb Code    98  cpuport.o(i.mem_manage_fault_track)
    i.msh_auto_complete                      0x080022a0   Section        0  msh.o(i.msh_auto_complete)
    i.msh_exec                               0x0800234c   Section        0  msh.o(i.msh_exec)
    i.msh_help                               0x080023b0   Section        0  msh.o(i.msh_help)
    i.msh_is_used                            0x0800241c   Section        0  msh.o(i.msh_is_used)
    i.msh_split                              0x08002420   Section        0  msh.o(i.msh_split)
    msh_split                                0x08002421   Thumb Code   172  msh.o(i.msh_split)
    i.object_split                           0x080024f0   Section        0  cmd.o(i.object_split)
    object_split                             0x080024f1   Thumb Code    18  cmd.o(i.object_split)
    i.print_number                           0x08002508   Section        0  kservice.o(i.print_number)
    print_number                             0x08002509   Thumb Code   300  kservice.o(i.print_number)
    i.rt_application_init                    0x08002638   Section        0  components.o(i.rt_application_init)
    i.rt_components_board_init               0x08002674   Section        0  components.o(i.rt_components_board_init)
    i.rt_components_init                     0x08002690   Section        0  components.o(i.rt_components_init)
    i.rt_enter_critical                      0x080026ac   Section        0  scheduler.o(i.rt_enter_critical)
    i.rt_exit_critical                       0x080026c8   Section        0  scheduler.o(i.rt_exit_critical)
    i.rt_hw_board_init                       0x08002700   Section        0  board.o(i.rt_hw_board_init)
    i.rt_hw_console_getchar                  0x08002744   Section        0  kservice.o(i.rt_hw_console_getchar)
    i.rt_hw_console_output                   0x08002778   Section        0  kservice.o(i.rt_hw_console_output)
    i.rt_hw_hard_fault_exception             0x080027a8   Section        0  cpuport.o(i.rt_hw_hard_fault_exception)
    i.rt_hw_stack_init                       0x080029c0   Section        0  cpuport.o(i.rt_hw_stack_init)
    i.rt_interrupt_enter                     0x080029fc   Section        0  irq.o(i.rt_interrupt_enter)
    i.rt_interrupt_leave                     0x08002a18   Section        0  irq.o(i.rt_interrupt_leave)
    i.rt_kprintf                             0x08002a34   Section        0  kservice.o(i.rt_kprintf)
    i.rt_list_insert_after                   0x08002a54   Section        0  thread.o(i.rt_list_insert_after)
    rt_list_insert_after                     0x08002a55   Thumb Code    14  thread.o(i.rt_list_insert_after)
    i.rt_list_insert_after                   0x08002a62   Section        0  timer.o(i.rt_list_insert_after)
    rt_list_insert_after                     0x08002a63   Thumb Code    14  timer.o(i.rt_list_insert_after)
    i.rt_list_len                            0x08002a70   Section        0  cmd.o(i.rt_list_len)
    rt_list_len                              0x08002a71   Thumb Code    18  cmd.o(i.rt_list_len)
    i.rt_list_remove                         0x08002a82   Section        0  thread.o(i.rt_list_remove)
    rt_list_remove                           0x08002a83   Thumb Code    18  thread.o(i.rt_list_remove)
    i.rt_memmove                             0x08002a94   Section        0  kservice.o(i.rt_memmove)
    i.rt_memset                              0x08002ac8   Section        0  kservice.o(i.rt_memset)
    i.rt_object_detach                       0x08002b0e   Section        0  object.o(i.rt_object_detach)
    i.rt_object_get_information              0x08002b34   Section        0  object.o(i.rt_object_get_information)
    i.rt_object_init                         0x08002b58   Section        0  object.o(i.rt_object_init)
    i.rt_object_is_systemobject              0x08002baa   Section        0  object.o(i.rt_object_is_systemobject)
    i.rt_schedule                            0x08002bb8   Section        0  scheduler.o(i.rt_schedule)
    i.rt_schedule_insert_thread              0x08002c10   Section        0  scheduler.o(i.rt_schedule_insert_thread)
    i.rt_schedule_remove_thread              0x08002c60   Section        0  scheduler.o(i.rt_schedule_remove_thread)
    i.rt_sem_init                            0x08002ca8   Section        0  ipc.o(i.rt_sem_init)
    i.rt_show_version                        0x08002ccc   Section        0  kservice.o(i.rt_show_version)
    i.rt_strlen                              0x08002d7c   Section        0  kservice.o(i.rt_strlen)
    i.rt_strncpy                             0x08002d8c   Section        0  kservice.o(i.rt_strncpy)
    i.rt_system_scheduler_init               0x08002db4   Section        0  scheduler.o(i.rt_system_scheduler_init)
    i.rt_system_scheduler_start              0x08002de8   Section        0  scheduler.o(i.rt_system_scheduler_start)
    i.rt_system_timer_init                   0x08002e10   Section        0  timer.o(i.rt_system_timer_init)
    i.rt_system_timer_thread_init            0x08002e1c   Section        0  timer.o(i.rt_system_timer_thread_init)
    i.rt_thread_exit                         0x08002e20   Section        0  thread.o(i.rt_thread_exit)
    i.rt_thread_idle_entry                   0x08002e78   Section        0  idle.o(i.rt_thread_idle_entry)
    rt_thread_idle_entry                     0x08002e79   Thumb Code     6  idle.o(i.rt_thread_idle_entry)
    i.rt_thread_idle_excute                  0x08002e80   Section        0  idle.o(i.rt_thread_idle_excute)
    i.rt_thread_idle_init                    0x08002eec   Section        0  idle.o(i.rt_thread_idle_init)
    i.rt_thread_init                         0x08002f24   Section        0  thread.o(i.rt_thread_init)
    i.rt_thread_mdelay                       0x08002f54   Section        0  thread.o(i.rt_thread_mdelay)
    i.rt_thread_resume                       0x08002f62   Section        0  thread.o(i.rt_thread_resume)
    i.rt_thread_self                         0x08002fa0   Section        0  thread.o(i.rt_thread_self)
    i.rt_thread_sleep                        0x08002fac   Section        0  thread.o(i.rt_thread_sleep)
    i.rt_thread_startup                      0x08002fec   Section        0  thread.o(i.rt_thread_startup)
    i.rt_thread_suspend                      0x08003018   Section        0  thread.o(i.rt_thread_suspend)
    i.rt_thread_timeout                      0x0800305a   Section        0  thread.o(i.rt_thread_timeout)
    i.rt_thread_yield                        0x0800307c   Section        0  thread.o(i.rt_thread_yield)
    i.rt_tick_from_millisecond               0x080030dc   Section        0  clock.o(i.rt_tick_from_millisecond)
    i.rt_tick_get                            0x08003110   Section        0  clock.o(i.rt_tick_get)
    i.rt_tick_increase                       0x0800311c   Section        0  clock.o(i.rt_tick_increase)
    i.rt_timer_check                         0x08003148   Section        0  timer.o(i.rt_timer_check)
    i.rt_timer_control                       0x080031b0   Section        0  timer.o(i.rt_timer_control)
    i.rt_timer_detach                        0x080031e0   Section        0  timer.o(i.rt_timer_detach)
    i.rt_timer_init                          0x08003200   Section        0  timer.o(i.rt_timer_init)
    i.rt_timer_start                         0x08003230   Section        0  timer.o(i.rt_timer_start)
    i.rt_timer_stop                          0x080032bc   Section        0  timer.o(i.rt_timer_stop)
    i.rt_vsnprintf                           0x080032ec   Section        0  kservice.o(i.rt_vsnprintf)
    i.rti_board_end                          0x08003568   Section        0  components.o(i.rti_board_end)
    rti_board_end                            0x08003569   Thumb Code     4  components.o(i.rti_board_end)
    i.rti_board_start                        0x0800356c   Section        0  components.o(i.rti_board_start)
    rti_board_start                          0x0800356d   Thumb Code     4  components.o(i.rti_board_start)
    i.rti_end                                0x08003570   Section        0  components.o(i.rti_end)
    rti_end                                  0x08003571   Thumb Code     4  components.o(i.rti_end)
    i.rti_start                              0x08003574   Section        0  components.o(i.rti_start)
    rti_start                                0x08003575   Thumb Code     4  components.o(i.rti_start)
    i.rtthread_startup                       0x08003578   Section        0  components.o(i.rtthread_startup)
    i.show_wait_queue                        0x080035a4   Section        0  cmd.o(i.show_wait_queue)
    show_wait_queue                          0x080035a5   Thumb Code    38  cmd.o(i.show_wait_queue)
    i.skip_atoi                              0x080035d4   Section        0  kservice.o(i.skip_atoi)
    skip_atoi                                0x080035d5   Thumb Code    40  kservice.o(i.skip_atoi)
    i.usage_fault_track                      0x080035fc   Section        0  cpuport.o(i.usage_fault_track)
    usage_fault_track                        0x080035fd   Thumb Code   100  cpuport.o(i.usage_fault_track)
    i.version                                0x080036cc   Section        0  cmd.o(i.version)
    .constdata                               0x080036d6   Section       16  system_stm32f4xx.o(.constdata)
    .constdata                               0x080036e6   Section        8  system_stm32f4xx.o(.constdata)
    .constdata                               0x080036ee   Section      290  kservice.o(.constdata)
    small_digits                             0x080037ee   Data          17  kservice.o(.constdata)
    large_digits                             0x080037ff   Data          17  kservice.o(.constdata)
    .constdata                               0x08003810   Section        6  cmd.o(.constdata)
    .constdata                               0x08003816   Section        8  cmd.o(.constdata)
    .constdata                               0x0800381e   Section       14  cmd.o(.constdata)
    .constdata                               0x0800382c   Section       12  cmd.o(.constdata)
    .constdata                               0x08003838   Section       18  cmd.o(.constdata)
    .constdata                               0x0800384a   Section        9  cmd.o(.constdata)
    .constdata                               0x08003853   Section       15  cmd.o(.constdata)
    .constdata                               0x08003862   Section       13  cmd.o(.constdata)
    .constdata                               0x0800386f   Section       19  cmd.o(.constdata)
    .constdata                               0x08003882   Section       11  cmd.o(.constdata)
    .constdata                               0x0800388d   Section       17  cmd.o(.constdata)
    .constdata                               0x0800389e   Section        5  cmd.o(.constdata)
    .constdata                               0x080038a3   Section       11  msh.o(.constdata)
    .constdata                               0x080038ae   Section        9  msh.o(.constdata)
    .conststring                             0x080038b8   Section       68  cmd.o(.conststring)
    .rti_fn.0                                0x080038fc   Section        4  components.o(.rti_fn.0)
    __tagsym$$used                           0x080038fc   Number         0  components.o(.rti_fn.0)
    .rti_fn.0.end                            0x08003900   Section        4  components.o(.rti_fn.0.end)
    __tagsym$$used                           0x08003900   Number         0  components.o(.rti_fn.0.end)
    .rti_fn.1.end                            0x08003904   Section        4  components.o(.rti_fn.1.end)
    __tagsym$$used                           0x08003904   Number         0  components.o(.rti_fn.1.end)
    .rti_fn.6                                0x08003908   Section        4  shell.o(.rti_fn.6)
    __tagsym$$used                           0x08003908   Number         0  shell.o(.rti_fn.6)
    .rti_fn.6.end                            0x0800390c   Section        4  components.o(.rti_fn.6.end)
    __tagsym$$used                           0x0800390c   Number         0  components.o(.rti_fn.6.end)
    FSymTab                                  0x08003910   Section       96  cmd.o(FSymTab)
    __tagsym$$used                           0x08003910   Number         0  cmd.o(FSymTab)
    __tagsym$$used                           0x08003918   Number         0  cmd.o(FSymTab)
    __tagsym$$used                           0x08003920   Number         0  cmd.o(FSymTab)
    __tagsym$$used                           0x08003928   Number         0  cmd.o(FSymTab)
    __tagsym$$used                           0x08003930   Number         0  cmd.o(FSymTab)
    __tagsym$$used                           0x08003938   Number         0  cmd.o(FSymTab)
    __tagsym$$used                           0x08003940   Number         0  cmd.o(FSymTab)
    __tagsym$$used                           0x08003948   Number         0  cmd.o(FSymTab)
    __tagsym$$used                           0x08003950   Number         0  cmd.o(FSymTab)
    __tagsym$$used                           0x08003958   Number         0  cmd.o(FSymTab)
    __tagsym$$used                           0x08003960   Number         0  cmd.o(FSymTab)
    __tagsym$$used                           0x08003968   Number         0  cmd.o(FSymTab)
    FSymTab                                  0x08003970   Section       16  msh.o(FSymTab)
    __tagsym$$used                           0x08003970   Number         0  msh.o(FSymTab)
    __tagsym$$used                           0x08003978   Number         0  msh.o(FSymTab)
    .data                                    0x20000000   Section       12  stm32f4xx_hal.o(.data)
    .data                                    0x2000000c   Section        4  system_stm32f4xx.o(.data)
    .data                                    0x20000010   Section        4  clock.o(.data)
    rt_tick                                  0x20000010   Data           4  clock.o(.data)
    .data                                    0x20000014   Section        1  irq.o(.data)
    .data                                    0x20000018   Section       64  object.o(.data)
    rt_object_container                      0x20000018   Data          64  object.o(.data)
    .data                                    0x20000058   Section       20  scheduler.o(.data)
    rt_scheduler_lock_nest                   0x2000005a   Data           2  scheduler.o(.data)
    .data                                    0x2000006c   Section       12  timer.o(.data)
    random_nr                                0x2000006c   Data           4  timer.o(.data)
    rt_timer_list                            0x20000070   Data           8  timer.o(.data)
    .data                                    0x20000078   Section        4  cpuport.o(.data)
    rt_exception_hook                        0x20000078   Data           4  cpuport.o(.data)
    .data                                    0x2000007c   Section        4  cpuport.o(.data)
    .data                                    0x20000080   Section        4  cpuport.o(.data)
    .data                                    0x20000084   Section        4  cpuport.o(.data)
    .data                                    0x20000088   Section       24  shell.o(.data)
    finsh_prompt_custom                      0x20000098   Data           4  shell.o(.data)
    .data                                    0x200000a0   Section        4  stdout.o(.data)
    .bss                                     0x200000a4   Section       64  bsp_uart.o(.bss)
    .bss                                     0x200000e8   Section      632  components.o(.bss)
    main_stack                               0x200000e8   Data         512  components.o(.bss)
    .bss                                     0x20000360   Section      248  idle.o(.bss)
    idle                                     0x20000360   Data         120  idle.o(.bss)
    rt_thread_stack                          0x200003d8   Data         128  idle.o(.bss)
    .bss                                     0x20000458   Section      128  kservice.o(.bss)
    rt_log_buf                               0x20000458   Data         128  kservice.o(.bss)
    .bss                                     0x200004d8   Section      256  scheduler.o(.bss)
    .bss                                     0x200005d8   Section      884  shell.o(.bss)
    finsh_prompt                             0x200005d8   Data         129  shell.o(.bss)
    finsh_thread                             0x2000065c   Data         120  shell.o(.bss)
    finsh_thread_stack                       0x200006d4   Data         512  shell.o(.bss)
    STACK                                    0x20000950   Section     1024  startup_stm32f429xx.o(STACK)

    Global Symbols

    Symbol Name                              Value     Ov Type        Size  Object(Section)

    BuildAttributes$$THM_ISAv4$E$P$D$K$B$S$7EM$VFPi3$EXTD16$VFPS$VFMA$PE$A:L22UL41UL21$X:L11$S22US41US21$IEEE1$IW$USESV6$~STKCKD$USESV7$~SHL$OSPACE$ROPI$EBA8$MICROLIB$REQ8$PRES8$EABIv2 0x00000000   Number         0  anon$$obj.o ABSOLUTE
    __ARM_use_no_argv                        0x00000000   Number         0  main.o ABSOLUTE
    _printf_a                                0x00000000   Number         0  stubs.o ABSOLUTE
    _printf_c                                0x00000000   Number         0  stubs.o ABSOLUTE
    _printf_charcount                        0x00000000   Number         0  stubs.o ABSOLUTE
    _printf_d                                0x00000000   Number         0  stubs.o ABSOLUTE
    _printf_e                                0x00000000   Number         0  stubs.o ABSOLUTE
    _printf_f                                0x00000000   Number         0  stubs.o ABSOLUTE
    _printf_flags                            0x00000000   Number         0  stubs.o ABSOLUTE
    _printf_fp_dec                           0x00000000   Number         0  stubs.o ABSOLUTE
    _printf_fp_hex                           0x00000000   Number         0  stubs.o ABSOLUTE
    _printf_g                                0x00000000   Number         0  stubs.o ABSOLUTE
    _printf_i                                0x00000000   Number         0  stubs.o ABSOLUTE
    _printf_int_dec                          0x00000000   Number         0  stubs.o ABSOLUTE
    _printf_l                                0x00000000   Number         0  stubs.o ABSOLUTE
    _printf_lc                               0x00000000   Number         0  stubs.o ABSOLUTE
    _printf_ll                               0x00000000   Number         0  stubs.o ABSOLUTE
    _printf_lld                              0x00000000   Number         0  stubs.o ABSOLUTE
    _printf_lli                              0x00000000   Number         0  stubs.o ABSOLUTE
    _printf_llo                              0x00000000   Number         0  stubs.o ABSOLUTE
    _printf_llu                              0x00000000   Number         0  stubs.o ABSOLUTE
    _printf_llx                              0x00000000   Number         0  stubs.o ABSOLUTE
    _printf_longlong_dec                     0x00000000   Number         0  stubs.o ABSOLUTE
    _printf_longlong_hex                     0x00000000   Number         0  stubs.o ABSOLUTE
    _printf_longlong_oct                     0x00000000   Number         0  stubs.o ABSOLUTE
    _printf_ls                               0x00000000   Number         0  stubs.o ABSOLUTE
    _printf_mbtowc                           0x00000000   Number         0  stubs.o ABSOLUTE
    _printf_n                                0x00000000   Number         0  stubs.o ABSOLUTE
    _printf_o                                0x00000000   Number         0  stubs.o ABSOLUTE
    _printf_p                                0x00000000   Number         0  stubs.o ABSOLUTE
    _printf_percent                          0x00000000   Number         0  stubs.o ABSOLUTE
    _printf_pre_padding                      0x00000000   Number         0  stubs.o ABSOLUTE
    _printf_return_value                     0x00000000   Number         0  stubs.o ABSOLUTE
    _printf_s                                0x00000000   Number         0  stubs.o ABSOLUTE
    _printf_sizespec                         0x00000000   Number         0  stubs.o ABSOLUTE
    _printf_str                              0x00000000   Number         0  stubs.o ABSOLUTE
    _printf_truncate_signed                  0x00000000   Number         0  stubs.o ABSOLUTE
    _printf_truncate_unsigned                0x00000000   Number         0  stubs.o ABSOLUTE
    _printf_u                                0x00000000   Number         0  stubs.o ABSOLUTE
    _printf_wc                               0x00000000   Number         0  stubs.o ABSOLUTE
    _printf_wctomb                           0x00000000   Number         0  stubs.o ABSOLUTE
    _printf_widthprec                        0x00000000   Number         0  stubs.o ABSOLUTE
    _printf_x                                0x00000000   Number         0  stubs.o ABSOLUTE
    __cpp_initialize__aeabi_                  - Undefined Weak Reference
    __cxa_finalize                            - Undefined Weak Reference
    __decompress                              - Undefined Weak Reference
    _clock_init                               - Undefined Weak Reference
    _microlib_exit                            - Undefined Weak Reference
    __Vectors_Size                           0x000001ac   Number         0  startup_stm32f429xx.o ABSOLUTE
    __Vectors                                0x08000000   Data           4  startup_stm32f429xx.o(RESET)
    __Vectors_End                            0x080001ac   Data           0  startup_stm32f429xx.o(RESET)
    __main                                   0x080001ad   Thumb Code     0  entry.o(.ARM.Collect$$$$00000000)
    _main_stk                                0x080001ad   Thumb Code     0  entry2.o(.ARM.Collect$$$$00000001)
    _main_scatterload                        0x080001b1   Thumb Code     0  entry5.o(.ARM.Collect$$$$00000004)
    __main_after_scatterload                 0x080001b5   Thumb Code     0  entry5.o(.ARM.Collect$$$$00000004)
    _main_clock                              0x080001b5   Thumb Code     0  entry7b.o(.ARM.Collect$$$$00000008)
    _main_cpp_init                           0x080001b5   Thumb Code     0  entry8b.o(.ARM.Collect$$$$0000000A)
    _main_init                               0x080001b5   Thumb Code     0  entry9a.o(.ARM.Collect$$$$0000000B)
    __rt_final_cpp                           0x080001bd   Thumb Code     0  entry10a.o(.ARM.Collect$$$$0000000D)
    __rt_final_exit                          0x080001bd   Thumb Code     0  entry11a.o(.ARM.Collect$$$$0000000F)
    Reset_Handler                            0x080001c1   Thumb Code     8  startup_stm32f429xx.o(.text)
    ADC_IRQHandler                           0x080001db   Thumb Code     0  startup_stm32f429xx.o(.text)
    CAN1_RX0_IRQHandler                      0x080001db   Thumb Code     0  startup_stm32f429xx.o(.text)
    CAN1_RX1_IRQHandler                      0x080001db   Thumb Code     0  startup_stm32f429xx.o(.text)
    CAN1_SCE_IRQHandler                      0x080001db   Thumb Code     0  startup_stm32f429xx.o(.text)
    CAN1_TX_IRQHandler                       0x080001db   Thumb Code     0  startup_stm32f429xx.o(.text)
    CAN2_RX0_IRQHandler                      0x080001db   Thumb Code     0  startup_stm32f429xx.o(.text)
    CAN2_RX1_IRQHandler                      0x080001db   Thumb Code     0  startup_stm32f429xx.o(.text)
    CAN2_SCE_IRQHandler                      0x080001db   Thumb Code     0  startup_stm32f429xx.o(.text)
    CAN2_TX_IRQHandler                       0x080001db   Thumb Code     0  startup_stm32f429xx.o(.text)
    DCMI_IRQHandler                          0x080001db   Thumb Code     0  startup_stm32f429xx.o(.text)
    DMA1_Stream0_IRQHandler                  0x080001db   Thumb Code     0  startup_stm32f429xx.o(.text)
    DMA1_Stream1_IRQHandler                  0x080001db   Thumb Code     0  startup_stm32f429xx.o(.text)
    DMA1_Stream2_IRQHandler                  0x080001db   Thumb Code     0  startup_stm32f429xx.o(.text)
    DMA1_Stream3_IRQHandler                  0x080001db   Thumb Code     0  startup_stm32f429xx.o(.text)
    DMA1_Stream4_IRQHandler                  0x080001db   Thumb Code     0  startup_stm32f429xx.o(.text)
    DMA1_Stream5_IRQHandler                  0x080001db   Thumb Code     0  startup_stm32f429xx.o(.text)
    DMA1_Stream6_IRQHandler                  0x080001db   Thumb Code     0  startup_stm32f429xx.o(.text)
    DMA1_Stream7_IRQHandler                  0x080001db   Thumb Code     0  startup_stm32f429xx.o(.text)
    DMA2D_IRQHandler                         0x080001db   Thumb Code     0  startup_stm32f429xx.o(.text)
    DMA2_Stream0_IRQHandler                  0x080001db   Thumb Code     0  startup_stm32f429xx.o(.text)
    DMA2_Stream1_IRQHandler                  0x080001db   Thumb Code     0  startup_stm32f429xx.o(.text)
    DMA2_Stream2_IRQHandler                  0x080001db   Thumb Code     0  startup_stm32f429xx.o(.text)
    DMA2_Stream3_IRQHandler                  0x080001db   Thumb Code     0  startup_stm32f429xx.o(.text)
    DMA2_Stream4_IRQHandler                  0x080001db   Thumb Code     0  startup_stm32f429xx.o(.text)
    DMA2_Stream5_IRQHandler                  0x080001db   Thumb Code     0  startup_stm32f429xx.o(.text)
    DMA2_Stream6_IRQHandler                  0x080001db   Thumb Code     0  startup_stm32f429xx.o(.text)
    DMA2_Stream7_IRQHandler                  0x080001db   Thumb Code     0  startup_stm32f429xx.o(.text)
    ETH_IRQHandler                           0x080001db   Thumb Code     0  startup_stm32f429xx.o(.text)
    ETH_WKUP_IRQHandler                      0x080001db   Thumb Code     0  startup_stm32f429xx.o(.text)
    EXTI0_IRQHandler                         0x080001db   Thumb Code     0  startup_stm32f429xx.o(.text)
    EXTI15_10_IRQHandler                     0x080001db   Thumb Code     0  startup_stm32f429xx.o(.text)
    EXTI1_IRQHandler                         0x080001db   Thumb Code     0  startup_stm32f429xx.o(.text)
    EXTI2_IRQHandler                         0x080001db   Thumb Code     0  startup_stm32f429xx.o(.text)
    EXTI3_IRQHandler                         0x080001db   Thumb Code     0  startup_stm32f429xx.o(.text)
    EXTI4_IRQHandler                         0x080001db   Thumb Code     0  startup_stm32f429xx.o(.text)
    EXTI9_5_IRQHandler                       0x080001db   Thumb Code     0  startup_stm32f429xx.o(.text)
    FLASH_IRQHandler                         0x080001db   Thumb Code     0  startup_stm32f429xx.o(.text)
    FMC_IRQHandler                           0x080001db   Thumb Code     0  startup_stm32f429xx.o(.text)
    FPU_IRQHandler                           0x080001db   Thumb Code     0  startup_stm32f429xx.o(.text)
    HASH_RNG_IRQHandler                      0x080001db   Thumb Code     0  startup_stm32f429xx.o(.text)
    I2C1_ER_IRQHandler                       0x080001db   Thumb Code     0  startup_stm32f429xx.o(.text)
    I2C1_EV_IRQHandler                       0x080001db   Thumb Code     0  startup_stm32f429xx.o(.text)
    I2C2_ER_IRQHandler                       0x080001db   Thumb Code     0  startup_stm32f429xx.o(.text)
    I2C2_EV_IRQHandler                       0x080001db   Thumb Code     0  startup_stm32f429xx.o(.text)
    I2C3_ER_IRQHandler                       0x080001db   Thumb Code     0  startup_stm32f429xx.o(.text)
    I2C3_EV_IRQHandler                       0x080001db   Thumb Code     0  startup_stm32f429xx.o(.text)
    LTDC_ER_IRQHandler                       0x080001db   Thumb Code     0  startup_stm32f429xx.o(.text)
    LTDC_IRQHandler                          0x080001db   Thumb Code     0  startup_stm32f429xx.o(.text)
    OTG_FS_IRQHandler                        0x080001db   Thumb Code     0  startup_stm32f429xx.o(.text)
    OTG_FS_WKUP_IRQHandler                   0x080001db   Thumb Code     0  startup_stm32f429xx.o(.text)
    OTG_HS_EP1_IN_IRQHandler                 0x080001db   Thumb Code     0  startup_stm32f429xx.o(.text)
    OTG_HS_EP1_OUT_IRQHandler                0x080001db   Thumb Code     0  startup_stm32f429xx.o(.text)
    OTG_HS_IRQHandler                        0x080001db   Thumb Code     0  startup_stm32f429xx.o(.text)
    OTG_HS_WKUP_IRQHandler                   0x080001db   Thumb Code     0  startup_stm32f429xx.o(.text)
    PVD_IRQHandler                           0x080001db   Thumb Code     0  startup_stm32f429xx.o(.text)
    RCC_IRQHandler                           0x080001db   Thumb Code     0  startup_stm32f429xx.o(.text)
    RTC_Alarm_IRQHandler                     0x080001db   Thumb Code     0  startup_stm32f429xx.o(.text)
    RTC_WKUP_IRQHandler                      0x080001db   Thumb Code     0  startup_stm32f429xx.o(.text)
    SAI1_IRQHandler                          0x080001db   Thumb Code     0  startup_stm32f429xx.o(.text)
    SDIO_IRQHandler                          0x080001db   Thumb Code     0  startup_stm32f429xx.o(.text)
    SPI1_IRQHandler                          0x080001db   Thumb Code     0  startup_stm32f429xx.o(.text)
    SPI2_IRQHandler                          0x080001db   Thumb Code     0  startup_stm32f429xx.o(.text)
    SPI3_IRQHandler                          0x080001db   Thumb Code     0  startup_stm32f429xx.o(.text)
    SPI4_IRQHandler                          0x080001db   Thumb Code     0  startup_stm32f429xx.o(.text)
    SPI5_IRQHandler                          0x080001db   Thumb Code     0  startup_stm32f429xx.o(.text)
    SPI6_IRQHandler                          0x080001db   Thumb Code     0  startup_stm32f429xx.o(.text)
    TAMP_STAMP_IRQHandler                    0x080001db   Thumb Code     0  startup_stm32f429xx.o(.text)
    TIM1_BRK_TIM9_IRQHandler                 0x080001db   Thumb Code     0  startup_stm32f429xx.o(.text)
    TIM1_CC_IRQHandler                       0x080001db   Thumb Code     0  startup_stm32f429xx.o(.text)
    TIM1_TRG_COM_TIM11_IRQHandler            0x080001db   Thumb Code     0  startup_stm32f429xx.o(.text)
    TIM1_UP_TIM10_IRQHandler                 0x080001db   Thumb Code     0  startup_stm32f429xx.o(.text)
    TIM2_IRQHandler                          0x080001db   Thumb Code     0  startup_stm32f429xx.o(.text)
    TIM3_IRQHandler                          0x080001db   Thumb Code     0  startup_stm32f429xx.o(.text)
    TIM4_IRQHandler                          0x080001db   Thumb Code     0  startup_stm32f429xx.o(.text)
    TIM5_IRQHandler                          0x080001db   Thumb Code     0  startup_stm32f429xx.o(.text)
    TIM6_DAC_IRQHandler                      0x080001db   Thumb Code     0  startup_stm32f429xx.o(.text)
    TIM7_IRQHandler                          0x080001db   Thumb Code     0  startup_stm32f429xx.o(.text)
    TIM8_BRK_TIM12_IRQHandler                0x080001db   Thumb Code     0  startup_stm32f429xx.o(.text)
    TIM8_CC_IRQHandler                       0x080001db   Thumb Code     0  startup_stm32f429xx.o(.text)
    TIM8_TRG_COM_TIM14_IRQHandler            0x080001db   Thumb Code     0  startup_stm32f429xx.o(.text)
    TIM8_UP_TIM13_IRQHandler                 0x080001db   Thumb Code     0  startup_stm32f429xx.o(.text)
    UART4_IRQHandler                         0x080001db   Thumb Code     0  startup_stm32f429xx.o(.text)
    UART5_IRQHandler                         0x080001db   Thumb Code     0  startup_stm32f429xx.o(.text)
    UART7_IRQHandler                         0x080001db   Thumb Code     0  startup_stm32f429xx.o(.text)
    UART8_IRQHandler                         0x080001db   Thumb Code     0  startup_stm32f429xx.o(.text)
    USART1_IRQHandler                        0x080001db   Thumb Code     0  startup_stm32f429xx.o(.text)
    USART2_IRQHandler                        0x080001db   Thumb Code     0  startup_stm32f429xx.o(.text)
    USART3_IRQHandler                        0x080001db   Thumb Code     0  startup_stm32f429xx.o(.text)
    USART6_IRQHandler                        0x080001db   Thumb Code     0  startup_stm32f429xx.o(.text)
    WWDG_IRQHandler                          0x080001db   Thumb Code     0  startup_stm32f429xx.o(.text)
    rt_hw_interrupt_disable                  0x080001e5   Thumb Code     8  context_rvds.o(.text)
    rt_hw_interrupt_enable                   0x080001ed   Thumb Code     6  context_rvds.o(.text)
    rt_hw_context_switch                     0x080001f3   Thumb Code    32  context_rvds.o(.text)
    rt_hw_context_switch_interrupt           0x080001f3   Thumb Code     0  context_rvds.o(.text)
    PendSV_Handler                           0x08000213   Thumb Code   108  context_rvds.o(.text)
    rt_hw_context_switch_to                  0x0800027f   Thumb Code    70  context_rvds.o(.text)
    rt_hw_interrupt_thread_switch            0x080002c5   Thumb Code     2  context_rvds.o(.text)
    HardFault_Handler                        0x080002c7   Thumb Code    56  context_rvds.o(.text)
    __aeabi_uldivmod                         0x08000319   Thumb Code    98  uldiv.o(.text)
    __aeabi_memcpy                           0x0800037b   Thumb Code    36  memcpya.o(.text)
    __aeabi_memcpy4                          0x0800037b   Thumb Code     0  memcpya.o(.text)
    __aeabi_memcpy8                          0x0800037b   Thumb Code     0  memcpya.o(.text)
    __aeabi_memset                           0x0800039f   Thumb Code    14  memseta.o(.text)
    __aeabi_memset4                          0x0800039f   Thumb Code     0  memseta.o(.text)
    __aeabi_memset8                          0x0800039f   Thumb Code     0  memseta.o(.text)
    __aeabi_memclr                           0x080003ad   Thumb Code     4  memseta.o(.text)
    __aeabi_memclr4                          0x080003ad   Thumb Code     0  memseta.o(.text)
    __aeabi_memclr8                          0x080003ad   Thumb Code     0  memseta.o(.text)
    _memset$wrapper                          0x080003b1   Thumb Code    18  memseta.o(.text)
    strcat                                   0x080003c3   Thumb Code    24  strcat.o(.text)
    strncpy                                  0x080003db   Thumb Code    24  strncpy.o(.text)
    strlen                                   0x080003f3   Thumb Code    14  strlen.o(.text)
    strcpy                                   0x08000401   Thumb Code    18  strcpy.o(.text)
    strncmp                                  0x08000413   Thumb Code    30  strncmp.o(.text)
    __aeabi_uidiv                            0x08000431   Thumb Code     0  uidiv.o(.text)
    __aeabi_uidivmod                         0x08000431   Thumb Code    44  uidiv.o(.text)
    __aeabi_llsl                             0x0800045d   Thumb Code    30  llshl.o(.text)
    _ll_shift_l                              0x0800045d   Thumb Code     0  llshl.o(.text)
    __aeabi_llsr                             0x0800047b   Thumb Code    32  llushr.o(.text)
    _ll_ushift_r                             0x0800047b   Thumb Code     0  llushr.o(.text)
    __scatterload                            0x0800049d   Thumb Code    28  init.o(.text)
    __scatterload_rt2                        0x0800049d   Thumb Code     0  init.o(.text)
    main                                     0x080004c1   Thumb Code    10  components.o(i.$Sub$$main)
    BusFault_Handler                         0x080004cb   Thumb Code     2  stm32f4xx_it.o(i.BusFault_Handler)
    DebugMon_Handler                         0x080004cd   Thumb Code     2  stm32f4xx_it.o(i.DebugMon_Handler)
    Error_Handler                            0x080004cf   Thumb Code     2  main.o(i.Error_Handler)
    HAL_GPIO_Init                            0x080004d1   Thumb Code   414  stm32f4xx_hal_gpio.o(i.HAL_GPIO_Init)
    HAL_GPIO_WritePin                        0x080006a5   Thumb Code    10  stm32f4xx_hal_gpio.o(i.HAL_GPIO_WritePin)
    HAL_GetTick                              0x080006b1   Thumb Code     6  stm32f4xx_hal.o(i.HAL_GetTick)
    HAL_Init                                 0x080006bd   Thumb Code    48  stm32f4xx_hal.o(i.HAL_Init)
    HAL_InitTick                             0x080006f1   Thumb Code    54  stm32f4xx_hal.o(i.HAL_InitTick)
    HAL_MspInit                              0x08000731   Thumb Code    42  stm32f4xx_hal_msp.o(i.HAL_MspInit)
    HAL_NVIC_SetPriority                     0x08000761   Thumb Code    60  stm32f4xx_hal_cortex.o(i.HAL_NVIC_SetPriority)
    HAL_NVIC_SetPriorityGrouping             0x080007a1   Thumb Code    26  stm32f4xx_hal_cortex.o(i.HAL_NVIC_SetPriorityGrouping)
    HAL_PWREx_EnableOverDrive                0x080007c5   Thumb Code    98  stm32f4xx_hal_pwr_ex.o(i.HAL_PWREx_EnableOverDrive)
    HAL_RCC_ClockConfig                      0x08000835   Thumb Code   288  stm32f4xx_hal_rcc.o(i.HAL_RCC_ClockConfig)
    HAL_RCC_GetPCLK1Freq                     0x08000969   Thumb Code    20  stm32f4xx_hal_rcc.o(i.HAL_RCC_GetPCLK1Freq)
    HAL_RCC_GetPCLK2Freq                     0x08000989   Thumb Code    20  stm32f4xx_hal_rcc.o(i.HAL_RCC_GetPCLK2Freq)
    HAL_RCC_GetSysClockFreq                  0x080009a9   Thumb Code    88  stm32f4xx_hal_rcc.o(i.HAL_RCC_GetSysClockFreq)
    HAL_RCC_OscConfig                        0x08000a0d   Thumb Code   840  stm32f4xx_hal_rcc.o(i.HAL_RCC_OscConfig)
    HAL_SYSTICK_Config                       0x08000d69   Thumb Code    40  stm32f4xx_hal_cortex.o(i.HAL_SYSTICK_Config)
    HAL_UART_Init                            0x08000d91   Thumb Code    98  stm32f4xx_hal_uart.o(i.HAL_UART_Init)
    HAL_UART_MspInit                         0x08000df5   Thumb Code    94  stm32f4xx_hal_msp.o(i.HAL_UART_MspInit)
    HAL_UART_Transmit                        0x08000e61   Thumb Code   186  stm32f4xx_hal_uart.o(i.HAL_UART_Transmit)
    MX_GPIO_Init                             0x08000f1d   Thumb Code   116  bsp_gpio.o(i.MX_GPIO_Init)
    MX_USART1_UART_Init                      0x08000f99   Thumb Code    48  bsp_uart.o(i.MX_USART1_UART_Init)
    MemManage_Handler                        0x08000fd1   Thumb Code     2  stm32f4xx_it.o(i.MemManage_Handler)
    NMI_Handler                              0x08000fd3   Thumb Code     2  stm32f4xx_it.o(i.NMI_Handler)
    SVC_Handler                              0x08000fd5   Thumb Code     2  stm32f4xx_it.o(i.SVC_Handler)
    SysTick_Handler                          0x08000fd7   Thumb Code    18  board.o(i.SysTick_Handler)
    SystemClock_Config                       0x08000fe9   Thumb Code   152  bsp_clock.o(i.SystemClock_Config)
    SystemCoreClockUpdate                    0x08001089   Thumb Code   104  system_stm32f4xx.o(i.SystemCoreClockUpdate)
    SystemInit                               0x08001105   Thumb Code    22  system_stm32f4xx.o(i.SystemInit)
    USART1_PutChar                           0x080012ad   Thumb Code    18  bsp_uart.o(i.USART1_PutChar)
    UsageFault_Handler                       0x080012c5   Thumb Code     2  stm32f4xx_it.o(i.UsageFault_Handler)
    __0printf$1                              0x080012c9   Thumb Code    22  printf1.o(i.__0printf$1)
    __1printf$1                              0x080012c9   Thumb Code     0  printf1.o(i.__0printf$1)
    __2printf                                0x080012c9   Thumb Code     0  printf1.o(i.__0printf$1)
    __rt_ffs                                 0x08001309   Thumb Code    64  kservice.o(i.__rt_ffs)
    __scatterload_copy                       0x0800134d   Thumb Code    14  handlers.o(i.__scatterload_copy)
    __scatterload_null                       0x0800135b   Thumb Code     2  handlers.o(i.__scatterload_null)
    __scatterload_zeroinit                   0x0800135d   Thumb Code    14  handlers.o(i.__scatterload_zeroinit)
    cmd_ps                                   0x080016ed   Thumb Code    10  msh.o(i.cmd_ps)
    finsh_get_prompt                         0x080016f9   Thumb Code    66  shell.o(i.finsh_get_prompt)
    finsh_set_prompt_mode                    0x08001759   Thumb Code    16  shell.o(i.finsh_set_prompt_mode)
    finsh_system_function_init               0x0800176d   Thumb Code     8  shell.o(i.finsh_system_function_init)
    finsh_system_init                        0x08001779   Thumb Code    82  shell.o(i.finsh_system_init)
    finsh_thread_entry                       0x080017f1   Thumb Code   612  shell.o(i.finsh_thread_entry)
    fputc                                    0x08001a7d   Thumb Code    14  bsp_uart.o(i.fputc)
    hello                                    0x08001b05   Thumb Code    12  cmd.o(i.hello)
    list                                     0x08001b25   Thumb Code    48  cmd.o(i.list)
    list_mailbox                             0x08001c05   Thumb Code   200  cmd.o(i.list_mailbox)
    list_sem                                 0x08001d49   Thumb Code   188  cmd.o(i.list_sem)
    list_thread                              0x08001e65   Thumb Code   250  cmd.o(i.list_thread)
    list_timer                               0x0800201d   Thumb Code   160  cmd.o(i.list_timer)
    $Super$$main                             0x0800215d   Thumb Code    78  main.o(i.main)
    main_thread_entry                        0x080021b9   Thumb Code    14  components.o(i.main_thread_entry)
    msh_auto_complete                        0x080022a1   Thumb Code   150  msh.o(i.msh_auto_complete)
    msh_exec                                 0x0800234d   Thumb Code    74  msh.o(i.msh_exec)
    msh_help                                 0x080023b1   Thumb Code    56  msh.o(i.msh_help)
    msh_is_used                              0x0800241d   Thumb Code     4  msh.o(i.msh_is_used)
    rt_application_init                      0x08002639   Thumb Code    44  components.o(i.rt_application_init)
    rt_components_board_init                 0x08002675   Thumb Code    20  components.o(i.rt_components_board_init)
    rt_components_init                       0x08002691   Thumb Code    20  components.o(i.rt_components_init)
    rt_enter_critical                        0x080026ad   Thumb Code    22  scheduler.o(i.rt_enter_critical)
    rt_exit_critical                         0x080026c9   Thumb Code    52  scheduler.o(i.rt_exit_critical)
    rt_hw_board_init                         0x08002701   Thumb Code    58  board.o(i.rt_hw_board_init)
    rt_hw_console_getchar                    0x08002745   Thumb Code    48  kservice.o(i.rt_hw_console_getchar)
    rt_hw_console_output                     0x08002779   Thumb Code    46  kservice.o(i.rt_hw_console_output)
    rt_hw_hard_fault_exception               0x080027a9   Thumb Code   198  cpuport.o(i.rt_hw_hard_fault_exception)
    rt_hw_stack_init                         0x080029c1   Thumb Code    54  cpuport.o(i.rt_hw_stack_init)
    rt_interrupt_enter                       0x080029fd   Thumb Code    22  irq.o(i.rt_interrupt_enter)
    rt_interrupt_leave                       0x08002a19   Thumb Code    22  irq.o(i.rt_interrupt_leave)
    rt_kprintf                               0x08002a35   Thumb Code    28  kservice.o(i.rt_kprintf)
    rt_memmove                               0x08002a95   Thumb Code    50  kservice.o(i.rt_memmove)
    rt_memset                                0x08002ac9   Thumb Code    70  kservice.o(i.rt_memset)
    rt_object_detach                         0x08002b0f   Thumb Code    36  object.o(i.rt_object_detach)
    rt_object_get_information                0x08002b35   Thumb Code    30  object.o(i.rt_object_get_information)
    rt_object_init                           0x08002b59   Thumb Code    82  object.o(i.rt_object_init)
    rt_object_is_systemobject                0x08002bab   Thumb Code    14  object.o(i.rt_object_is_systemobject)
    rt_schedule                              0x08002bb9   Thumb Code    76  scheduler.o(i.rt_schedule)
    rt_schedule_insert_thread                0x08002c11   Thumb Code    70  scheduler.o(i.rt_schedule_insert_thread)
    rt_schedule_remove_thread                0x08002c61   Thumb Code    64  scheduler.o(i.rt_schedule_remove_thread)
    rt_sem_init                              0x08002ca9   Thumb Code    36  ipc.o(i.rt_sem_init)
    rt_show_version                          0x08002ccd   Thumb Code    40  kservice.o(i.rt_show_version)
    rt_strlen                                0x08002d7d   Thumb Code    16  kservice.o(i.rt_strlen)
    rt_strncpy                               0x08002d8d   Thumb Code    38  kservice.o(i.rt_strncpy)
    rt_system_scheduler_init                 0x08002db5   Thumb Code    44  scheduler.o(i.rt_system_scheduler_init)
    rt_system_scheduler_start                0x08002de9   Thumb Code    32  scheduler.o(i.rt_system_scheduler_start)
    rt_system_timer_init                     0x08002e11   Thumb Code     8  timer.o(i.rt_system_timer_init)
    rt_system_timer_thread_init              0x08002e1d   Thumb Code     2  timer.o(i.rt_system_timer_thread_init)
    rt_thread_exit                           0x08002e21   Thumb Code    78  thread.o(i.rt_thread_exit)
    rt_thread_idle_excute                    0x08002e81   Thumb Code   102  idle.o(i.rt_thread_idle_excute)
    rt_thread_idle_init                      0x08002eed   Thumb Code    40  idle.o(i.rt_thread_idle_init)
    rt_thread_init                           0x08002f25   Thumb Code    48  thread.o(i.rt_thread_init)
    rt_thread_mdelay                         0x08002f55   Thumb Code    14  thread.o(i.rt_thread_mdelay)
    rt_thread_resume                         0x08002f63   Thumb Code    60  thread.o(i.rt_thread_resume)
    rt_thread_self                           0x08002fa1   Thumb Code     6  thread.o(i.rt_thread_self)
    rt_thread_sleep                          0x08002fad   Thumb Code    60  thread.o(i.rt_thread_sleep)
    rt_thread_startup                        0x08002fed   Thumb Code    40  thread.o(i.rt_thread_startup)
    rt_thread_suspend                        0x08003019   Thumb Code    66  thread.o(i.rt_thread_suspend)
    rt_thread_timeout                        0x0800305b   Thumb Code    32  thread.o(i.rt_thread_timeout)
    rt_thread_yield                          0x0800307d   Thumb Code    86  thread.o(i.rt_thread_yield)
    rt_tick_from_millisecond                 0x080030dd   Thumb Code    50  clock.o(i.rt_tick_from_millisecond)
    rt_tick_get                              0x08003111   Thumb Code     6  clock.o(i.rt_tick_get)
    rt_tick_increase                         0x0800311d   Thumb Code    38  clock.o(i.rt_tick_increase)
    rt_timer_check                           0x08003149   Thumb Code    98  timer.o(i.rt_timer_check)
    rt_timer_control                         0x080031b1   Thumb Code    48  timer.o(i.rt_timer_control)
    rt_timer_detach                          0x080031e1   Thumb Code    32  timer.o(i.rt_timer_detach)
    rt_timer_init                            0x08003201   Thumb Code    48  timer.o(i.rt_timer_init)
    rt_timer_start                           0x08003231   Thumb Code   136  timer.o(i.rt_timer_start)
    rt_timer_stop                            0x080032bd   Thumb Code    46  timer.o(i.rt_timer_stop)
    rt_vsnprintf                             0x080032ed   Thumb Code   626  kservice.o(i.rt_vsnprintf)
    rtthread_startup                         0x08003579   Thumb Code    42  components.o(i.rtthread_startup)
    version                                  0x080036cd   Thumb Code    10  cmd.o(i.version)
    AHBPrescTable                            0x080036d6   Data          16  system_stm32f4xx.o(.constdata)
    APBPrescTable                            0x080036e6   Data           8  system_stm32f4xx.o(.constdata)
    __lowest_bit_bitmap                      0x080036ee   Data         256  kservice.o(.constdata)
    __fsym_hello_name                        0x08003810   Data           6  cmd.o(.constdata)
    __fsym_version_name                      0x08003816   Data           8  cmd.o(.constdata)
    __fsym___cmd_version_name                0x0800381e   Data          14  cmd.o(.constdata)
    __fsym_list_thread_name                  0x0800382c   Data          12  cmd.o(.constdata)
    __fsym___cmd_list_thread_name            0x08003838   Data          18  cmd.o(.constdata)
    __fsym_list_sem_name                     0x0800384a   Data           9  cmd.o(.constdata)
    __fsym___cmd_list_sem_name               0x08003853   Data          15  cmd.o(.constdata)
    __fsym_list_mailbox_name                 0x08003862   Data          13  cmd.o(.constdata)
    __fsym___cmd_list_mailbox_name           0x0800386f   Data          19  cmd.o(.constdata)
    __fsym_list_timer_name                   0x08003882   Data          11  cmd.o(.constdata)
    __fsym___cmd_list_timer_name             0x0800388d   Data          17  cmd.o(.constdata)
    __fsym_list_name                         0x0800389e   Data           5  cmd.o(.constdata)
    __fsym___cmd_help_name                   0x080038a3   Data          11  msh.o(.constdata)
    __fsym___cmd_ps_name                     0x080038ae   Data           9  msh.o(.constdata)
    __rt_init_rti_start                      0x080038fc   Data           4  components.o(.rti_fn.0)
    __rt_init_rti_board_start                0x08003900   Data           4  components.o(.rti_fn.0.end)
    __rt_init_rti_board_end                  0x08003904   Data           4  components.o(.rti_fn.1.end)
    __rt_init_finsh_system_init              0x08003908   Data           4  shell.o(.rti_fn.6)
    __rt_init_rti_end                        0x0800390c   Data           4  components.o(.rti_fn.6.end)
    FSymTab$$Base                            0x08003910   Number         0  cmd.o(FSymTab)
    __fsym_hello                             0x08003910   Data           8  cmd.o(FSymTab)
    __fsym_version                           0x08003918   Data           8  cmd.o(FSymTab)
    __fsym___cmd_version                     0x08003920   Data           8  cmd.o(FSymTab)
    __fsym_list_thread                       0x08003928   Data           8  cmd.o(FSymTab)
    __fsym___cmd_list_thread                 0x08003930   Data           8  cmd.o(FSymTab)
    __fsym_list_sem                          0x08003938   Data           8  cmd.o(FSymTab)
    __fsym___cmd_list_sem                    0x08003940   Data           8  cmd.o(FSymTab)
    __fsym_list_mailbox                      0x08003948   Data           8  cmd.o(FSymTab)
    __fsym___cmd_list_mailbox                0x08003950   Data           8  cmd.o(FSymTab)
    __fsym_list_timer                        0x08003958   Data           8  cmd.o(FSymTab)
    __fsym___cmd_list_timer                  0x08003960   Data           8  cmd.o(FSymTab)
    __fsym_list                              0x08003968   Data           8  cmd.o(FSymTab)
    __fsym___cmd_help                        0x08003970   Data           8  msh.o(FSymTab)
    __fsym___cmd_ps                          0x08003978   Data           8  msh.o(FSymTab)
    FSymTab$$Limit                           0x08003980   Number         0  msh.o(FSymTab)
    Region$$Table$$Base                      0x08003980   Number         0  anon$$obj.o(Region$$Table)
    Region$$Table$$Limit                     0x080039a0   Number         0  anon$$obj.o(Region$$Table)
    uwTickFreq                               0x20000000   Data           1  stm32f4xx_hal.o(.data)
    uwTickPrio                               0x20000004   Data           4  stm32f4xx_hal.o(.data)
    uwTick                                   0x20000008   Data           4  stm32f4xx_hal.o(.data)
    SystemCoreClock                          0x2000000c   Data           4  system_stm32f4xx.o(.data)
    rt_interrupt_nest                        0x20000014   Data           1  irq.o(.data)
    rt_current_priority                      0x20000058   Data           1  scheduler.o(.data)
    rt_current_thread                        0x2000005c   Data           4  scheduler.o(.data)
    rt_thread_ready_priority_group           0x20000060   Data           4  scheduler.o(.data)
    rt_thread_defunct                        0x20000064   Data           8  scheduler.o(.data)
    rt_interrupt_from_thread                 0x2000007c   Data           4  cpuport.o(.data)
    rt_interrupt_to_thread                   0x20000080   Data           4  cpuport.o(.data)
    rt_thread_switch_interrupt_flag          0x20000084   Data           4  cpuport.o(.data)
    _syscall_table_begin                     0x20000088   Data           4  shell.o(.data)
    _syscall_table_end                       0x2000008c   Data           4  shell.o(.data)
    _sysvar_table_begin                      0x20000090   Data           4  shell.o(.data)
    _sysvar_table_end                        0x20000094   Data           4  shell.o(.data)
    shell                                    0x2000009c   Data           4  shell.o(.data)
    __stdout                                 0x200000a0   Data           4  stdout.o(.data)
    huart1                                   0x200000a4   Data          64  bsp_uart.o(.bss)
    main_thread                              0x200002e8   Data         120  components.o(.bss)
    rt_thread_priority_table                 0x200004d8   Data         256  scheduler.o(.bss)
    _shell                                   0x200008d4   Data         120  shell.o(.bss)
    __initial_sp                             0x20000d50   Data           0  startup_stm32f429xx.o(STACK)



==============================================================================

Memory Map of the image

  Image Entry point : 0x080001ad

  Load Region LR_IROM1 (Base: 0x08000000, Size: 0x00003a44, Max: 0x00100000, ABSOLUTE)

    Execution Region ER_IROM1 (Exec base: 0x08000000, Load base: 0x08000000, Size: 0x000039a0, Max: 0x00100000, ABSOLUTE)

    Exec Addr    Load Addr    Size         Type   Attr      Idx    E Section Name        Object

    0x08000000   0x08000000   0x000001ac   Data   RO          361    RESET               startup_stm32f429xx.o
    0x080001ac   0x080001ac   0x00000000   Code   RO         4006  * .ARM.Collect$$$$00000000  mc_w.l(entry.o)
    0x080001ac   0x080001ac   0x00000004   Code   RO         4288    .ARM.Collect$$$$00000001  mc_w.l(entry2.o)
    0x080001b0   0x080001b0   0x00000004   Code   RO         4291    .ARM.Collect$$$$00000004  mc_w.l(entry5.o)
    0x080001b4   0x080001b4   0x00000000   Code   RO         4293    .ARM.Collect$$$$00000008  mc_w.l(entry7b.o)
    0x080001b4   0x080001b4   0x00000000   Code   RO         4295    .ARM.Collect$$$$0000000A  mc_w.l(entry8b.o)
    0x080001b4   0x080001b4   0x00000008   Code   RO         4296    .ARM.Collect$$$$0000000B  mc_w.l(entry9a.o)
    0x080001bc   0x080001bc   0x00000000   Code   RO         4298    .ARM.Collect$$$$0000000D  mc_w.l(entry10a.o)
    0x080001bc   0x080001bc   0x00000000   Code   RO         4300    .ARM.Collect$$$$0000000F  mc_w.l(entry11a.o)
    0x080001bc   0x080001bc   0x00000004   Code   RO         4289    .ARM.Collect$$$$00002712  mc_w.l(entry2.o)
    0x080001c0   0x080001c0   0x00000024   Code   RO          362    .text               startup_stm32f429xx.o
    0x080001e4   0x080001e4   0x00000134   Code   RO         3673    .text               context_rvds.o
    0x08000318   0x08000318   0x00000062   Code   RO         4009    .text               mc_w.l(uldiv.o)
    0x0800037a   0x0800037a   0x00000024   Code   RO         4011    .text               mc_w.l(memcpya.o)
    0x0800039e   0x0800039e   0x00000024   Code   RO         4013    .text               mc_w.l(memseta.o)
    0x080003c2   0x080003c2   0x00000018   Code   RO         4015    .text               mc_w.l(strcat.o)
    0x080003da   0x080003da   0x00000018   Code   RO         4017    .text               mc_w.l(strncpy.o)
    0x080003f2   0x080003f2   0x0000000e   Code   RO         4019    .text               mc_w.l(strlen.o)
    0x08000400   0x08000400   0x00000012   Code   RO         4021    .text               mc_w.l(strcpy.o)
    0x08000412   0x08000412   0x0000001e   Code   RO         4023    .text               mc_w.l(strncmp.o)
    0x08000430   0x08000430   0x0000002c   Code   RO         4303    .text               mc_w.l(uidiv.o)
    0x0800045c   0x0800045c   0x0000001e   Code   RO         4305    .text               mc_w.l(llshl.o)
    0x0800047a   0x0800047a   0x00000020   Code   RO         4307    .text               mc_w.l(llushr.o)
    0x0800049a   0x0800049a   0x00000002   PAD
    0x0800049c   0x0800049c   0x00000024   Code   RO         4320    .text               mc_w.l(init.o)
    0x080004c0   0x080004c0   0x0000000a   Code   RO         2939    i.$Sub$$main        components.o
    0x080004ca   0x080004ca   0x00000002   Code   RO          209    i.BusFault_Handler  stm32f4xx_it.o
    0x080004cc   0x080004cc   0x00000002   Code   RO          210    i.DebugMon_Handler  stm32f4xx_it.o
    0x080004ce   0x080004ce   0x00000002   Code   RO            4    i.Error_Handler     main.o
    0x080004d0   0x080004d0   0x000001d4   Code   RO         1138    i.HAL_GPIO_Init     stm32f4xx_hal_gpio.o
    0x080006a4   0x080006a4   0x0000000a   Code   RO         1142    i.HAL_GPIO_WritePin  stm32f4xx_hal_gpio.o
    0x080006ae   0x080006ae   0x00000002   PAD
    0x080006b0   0x080006b0   0x0000000c   Code   RO         1690    i.HAL_GetTick       stm32f4xx_hal.o
    0x080006bc   0x080006bc   0x00000034   Code   RO         1697    i.HAL_Init          stm32f4xx_hal.o
    0x080006f0   0x080006f0   0x00000040   Code   RO         1698    i.HAL_InitTick      stm32f4xx_hal.o
    0x08000730   0x08000730   0x00000030   Code   RO          169    i.HAL_MspInit       stm32f4xx_hal_msp.o
    0x08000760   0x08000760   0x00000040   Code   RO         1551    i.HAL_NVIC_SetPriority  stm32f4xx_hal_cortex.o
    0x080007a0   0x080007a0   0x00000024   Code   RO         1552    i.HAL_NVIC_SetPriorityGrouping  stm32f4xx_hal_cortex.o
    0x080007c4   0x080007c4   0x00000070   Code   RO         1474    i.HAL_PWREx_EnableOverDrive  stm32f4xx_hal_pwr_ex.o
    0x08000834   0x08000834   0x00000134   Code   RO          732    i.HAL_RCC_ClockConfig  stm32f4xx_hal_rcc.o
    0x08000968   0x08000968   0x00000020   Code   RO          739    i.HAL_RCC_GetPCLK1Freq  stm32f4xx_hal_rcc.o
    0x08000988   0x08000988   0x00000020   Code   RO          740    i.HAL_RCC_GetPCLK2Freq  stm32f4xx_hal_rcc.o
    0x080009a8   0x080009a8   0x00000064   Code   RO          741    i.HAL_RCC_GetSysClockFreq  stm32f4xx_hal_rcc.o
    0x08000a0c   0x08000a0c   0x0000035c   Code   RO          744    i.HAL_RCC_OscConfig  stm32f4xx_hal_rcc.o
    0x08000d68   0x08000d68   0x00000028   Code   RO         1556    i.HAL_SYSTICK_Config  stm32f4xx_hal_cortex.o
    0x08000d90   0x08000d90   0x00000062   Code   RO          430    i.HAL_UART_Init     stm32f4xx_hal_uart.o
    0x08000df2   0x08000df2   0x00000002   PAD
    0x08000df4   0x08000df4   0x0000006c   Code   RO          171    i.HAL_UART_MspInit  stm32f4xx_hal_msp.o
    0x08000e60   0x08000e60   0x000000ba   Code   RO          438    i.HAL_UART_Transmit  stm32f4xx_hal_uart.o
    0x08000f1a   0x08000f1a   0x00000002   PAD
    0x08000f1c   0x08000f1c   0x0000007c   Code   RO          296    i.MX_GPIO_Init      bsp_gpio.o
    0x08000f98   0x08000f98   0x00000038   Code   RO          320    i.MX_USART1_UART_Init  bsp_uart.o
    0x08000fd0   0x08000fd0   0x00000002   Code   RO          211    i.MemManage_Handler  stm32f4xx_it.o
    0x08000fd2   0x08000fd2   0x00000002   Code   RO          212    i.NMI_Handler       stm32f4xx_it.o
    0x08000fd4   0x08000fd4   0x00000002   Code   RO          213    i.SVC_Handler       stm32f4xx_it.o
    0x08000fd6   0x08000fd6   0x00000012   Code   RO         3742    i.SysTick_Handler   board.o
    0x08000fe8   0x08000fe8   0x000000a0   Code   RO          266    i.SystemClock_Config  bsp_clock.o
    0x08001088   0x08001088   0x0000007c   Code   RO         2863    i.SystemCoreClockUpdate  system_stm32f4xx.o
    0x08001104   0x08001104   0x0000001c   Code   RO         2864    i.SystemInit        system_stm32f4xx.o
    0x08001120   0x08001120   0x00000128   Code   RO          456    i.UART_SetConfig    stm32f4xx_hal_uart.o
    0x08001248   0x08001248   0x00000064   Code   RO          458    i.UART_WaitOnFlagUntilTimeout  stm32f4xx_hal_uart.o
    0x080012ac   0x080012ac   0x00000018   Code   RO          321    i.USART1_PutChar    bsp_uart.o
    0x080012c4   0x080012c4   0x00000002   Code   RO          214    i.UsageFault_Handler  stm32f4xx_it.o
    0x080012c6   0x080012c6   0x00000002   PAD
    0x080012c8   0x080012c8   0x00000020   Code   RO         4072    i.__0printf$1       mc_w.l(printf1.o)
    0x080012e8   0x080012e8   0x00000020   Code   RO         1558    i.__NVIC_SetPriority  stm32f4xx_hal_cortex.o
    0x08001308   0x08001308   0x00000044   Code   RO         3180    i.__rt_ffs          kservice.o
    0x0800134c   0x0800134c   0x0000000e   Code   RO         4328    i.__scatterload_copy  mc_w.l(handlers.o)
    0x0800135a   0x0800135a   0x00000002   Code   RO         4329    i.__scatterload_null  mc_w.l(handlers.o)
    0x0800135c   0x0800135c   0x0000000e   Code   RO         4330    i.__scatterload_zeroinit  mc_w.l(handlers.o)
    0x0800136a   0x0800136a   0x00000002   PAD
    0x0800136c   0x0800136c   0x00000014   Code   RO         3014    i._has_defunct_thread  idle.o
    0x08001380   0x08001380   0x0000009c   Code   RO         3878    i._msh_exec_cmd     msh.o
    0x0800141c   0x0800141c   0x00000154   Code   RO         4079    i._printf_core      mc_w.l(printf1.o)
    0x08001570   0x08001570   0x00000080   Code   RO         3490    i._rt_thread_init   thread.o
    0x080015f0   0x080015f0   0x00000012   Code   RO         3598    i._rt_timer_remove  timer.o
    0x08001602   0x08001602   0x00000002   PAD
    0x08001604   0x08001604   0x000000e8   Code   RO         3677    i.bus_fault_track   cpuport.o
    0x080016ec   0x080016ec   0x0000000a   Code   RO         3879    i.cmd_ps            msh.o
    0x080016f6   0x080016f6   0x00000002   PAD
    0x080016f8   0x080016f8   0x00000060   Code   RO         3936    i.finsh_get_prompt  shell.o
    0x08001758   0x08001758   0x00000014   Code   RO         3939    i.finsh_set_prompt_mode  shell.o
    0x0800176c   0x0800176c   0x0000000c   Code   RO         3940    i.finsh_system_function_init  shell.o
    0x08001778   0x08001778   0x00000078   Code   RO         3941    i.finsh_system_init  shell.o
    0x080017f0   0x080017f0   0x0000028c   Code   RO         3943    i.finsh_thread_entry  shell.o
    0x08001a7c   0x08001a7c   0x0000000e   Code   RO          322    i.fputc             bsp_uart.o
    0x08001a8a   0x08001a8a   0x00000002   PAD
    0x08001a8c   0x08001a8c   0x00000078   Code   RO         3678    i.hard_fault_track  cpuport.o
    0x08001b04   0x08001b04   0x00000020   Code   RO         3769    i.hello             cmd.o
    0x08001b24   0x08001b24   0x00000054   Code   RO         3770    i.list              cmd.o
    0x08001b78   0x08001b78   0x00000024   Code   RO         3771    i.list_find_init    cmd.o
    0x08001b9c   0x08001b9c   0x00000066   Code   RO         3772    i.list_get_next     cmd.o
    0x08001c02   0x08001c02   0x00000002   PAD
    0x08001c04   0x08001c04   0x00000144   Code   RO         3773    i.list_mailbox      cmd.o
    0x08001d48   0x08001d48   0x0000011c   Code   RO         3774    i.list_sem          cmd.o
    0x08001e64   0x08001e64   0x000001b8   Code   RO         3775    i.list_thread       cmd.o
    0x0800201c   0x0800201c   0x00000140   Code   RO         3776    i.list_timer        cmd.o
    0x0800215c   0x0800215c   0x0000005c   Code   RO            5    i.main              main.o
    0x080021b8   0x080021b8   0x0000000e   Code   RO         2940    i.main_thread_entry  components.o
    0x080021c6   0x080021c6   0x00000002   PAD
    0x080021c8   0x080021c8   0x000000d8   Code   RO         3679    i.mem_manage_fault_track  cpuport.o
    0x080022a0   0x080022a0   0x000000ac   Code   RO         3880    i.msh_auto_complete  msh.o
    0x0800234c   0x0800234c   0x00000064   Code   RO         3881    i.msh_exec          msh.o
    0x080023b0   0x080023b0   0x0000006c   Code   RO         3882    i.msh_help          msh.o
    0x0800241c   0x0800241c   0x00000004   Code   RO         3883    i.msh_is_used       msh.o
    0x08002420   0x08002420   0x000000d0   Code   RO         3884    i.msh_split         msh.o
    0x080024f0   0x080024f0   0x00000018   Code   RO         3777    i.object_split      cmd.o
    0x08002508   0x08002508   0x00000130   Code   RO         3182    i.print_number      kservice.o
    0x08002638   0x08002638   0x0000003c   Code   RO         2941    i.rt_application_init  components.o
    0x08002674   0x08002674   0x0000001c   Code   RO         2942    i.rt_components_board_init  components.o
    0x08002690   0x08002690   0x0000001c   Code   RO         2943    i.rt_components_init  components.o
    0x080026ac   0x080026ac   0x0000001c   Code   RO         3423    i.rt_enter_critical  scheduler.o
    0x080026c8   0x080026c8   0x00000038   Code   RO         3424    i.rt_exit_critical  scheduler.o
    0x08002700   0x08002700   0x00000044   Code   RO         3743    i.rt_hw_board_init  board.o
    0x08002744   0x08002744   0x00000034   Code   RO         3184    i.rt_hw_console_getchar  kservice.o
    0x08002778   0x08002778   0x0000002e   Code   RO         3185    i.rt_hw_console_output  kservice.o
    0x080027a6   0x080027a6   0x00000002   PAD
    0x080027a8   0x080027a8   0x00000218   Code   RO         3683    i.rt_hw_hard_fault_exception  cpuport.o
    0x080029c0   0x080029c0   0x0000003c   Code   RO         3684    i.rt_hw_stack_init  cpuport.o
    0x080029fc   0x080029fc   0x0000001c   Code   RO         3150    i.rt_interrupt_enter  irq.o
    0x08002a18   0x08002a18   0x0000001c   Code   RO         3152    i.rt_interrupt_leave  irq.o
    0x08002a34   0x08002a34   0x00000020   Code   RO         3186    i.rt_kprintf        kservice.o
    0x08002a54   0x08002a54   0x0000000e   Code   RO         3491    i.rt_list_insert_after  thread.o
    0x08002a62   0x08002a62   0x0000000e   Code   RO         3599    i.rt_list_insert_after  timer.o
    0x08002a70   0x08002a70   0x00000012   Code   RO         3778    i.rt_list_len       cmd.o
    0x08002a82   0x08002a82   0x00000012   Code   RO         3492    i.rt_list_remove    thread.o
    0x08002a94   0x08002a94   0x00000032   Code   RO         3190    i.rt_memmove        kservice.o
    0x08002ac6   0x08002ac6   0x00000002   PAD
    0x08002ac8   0x08002ac8   0x00000046   Code   RO         3191    i.rt_memset         kservice.o
    0x08002b0e   0x08002b0e   0x00000024   Code   RO         3369    i.rt_object_detach  object.o
    0x08002b32   0x08002b32   0x00000002   PAD
    0x08002b34   0x08002b34   0x00000024   Code   RO         3371    i.rt_object_get_information  object.o
    0x08002b58   0x08002b58   0x00000052   Code   RO         3373    i.rt_object_init    object.o
    0x08002baa   0x08002baa   0x0000000e   Code   RO         3374    i.rt_object_is_systemobject  object.o
    0x08002bb8   0x08002bb8   0x00000058   Code   RO         3425    i.rt_schedule       scheduler.o
    0x08002c10   0x08002c10   0x00000050   Code   RO         3426    i.rt_schedule_insert_thread  scheduler.o
    0x08002c60   0x08002c60   0x00000048   Code   RO         3427    i.rt_schedule_remove_thread  scheduler.o
    0x08002ca8   0x08002ca8   0x00000024   Code   RO         3065    i.rt_sem_init       ipc.o
    0x08002ccc   0x08002ccc   0x000000b0   Code   RO         3193    i.rt_show_version   kservice.o
    0x08002d7c   0x08002d7c   0x00000010   Code   RO         3198    i.rt_strlen         kservice.o
    0x08002d8c   0x08002d8c   0x00000026   Code   RO         3200    i.rt_strncpy        kservice.o
    0x08002db2   0x08002db2   0x00000002   PAD
    0x08002db4   0x08002db4   0x00000034   Code   RO         3428    i.rt_system_scheduler_init  scheduler.o
    0x08002de8   0x08002de8   0x00000028   Code   RO         3429    i.rt_system_scheduler_start  scheduler.o
    0x08002e10   0x08002e10   0x0000000c   Code   RO         3600    i.rt_system_timer_init  timer.o
    0x08002e1c   0x08002e1c   0x00000002   Code   RO         3601    i.rt_system_timer_thread_init  timer.o
    0x08002e1e   0x08002e1e   0x00000002   PAD
    0x08002e20   0x08002e20   0x00000058   Code   RO         3496    i.rt_thread_exit    thread.o
    0x08002e78   0x08002e78   0x00000006   Code   RO         3015    i.rt_thread_idle_entry  idle.o
    0x08002e7e   0x08002e7e   0x00000002   PAD
    0x08002e80   0x08002e80   0x0000006c   Code   RO         3016    i.rt_thread_idle_excute  idle.o
    0x08002eec   0x08002eec   0x00000038   Code   RO         3018    i.rt_thread_idle_init  idle.o
    0x08002f24   0x08002f24   0x00000030   Code   RO         3498    i.rt_thread_init    thread.o
    0x08002f54   0x08002f54   0x0000000e   Code   RO         3499    i.rt_thread_mdelay  thread.o
    0x08002f62   0x08002f62   0x0000003c   Code   RO         3500    i.rt_thread_resume  thread.o
    0x08002f9e   0x08002f9e   0x00000002   PAD
    0x08002fa0   0x08002fa0   0x0000000c   Code   RO         3501    i.rt_thread_self    thread.o
    0x08002fac   0x08002fac   0x00000040   Code   RO         3502    i.rt_thread_sleep   thread.o
    0x08002fec   0x08002fec   0x0000002c   Code   RO         3503    i.rt_thread_startup  thread.o
    0x08003018   0x08003018   0x00000042   Code   RO         3504    i.rt_thread_suspend  thread.o
    0x0800305a   0x0800305a   0x00000020   Code   RO         3505    i.rt_thread_timeout  thread.o
    0x0800307a   0x0800307a   0x00000002   PAD
    0x0800307c   0x0800307c   0x00000060   Code   RO         3506    i.rt_thread_yield   thread.o
    0x080030dc   0x080030dc   0x00000032   Code   RO         2899    i.rt_tick_from_millisecond  clock.o
    0x0800310e   0x0800310e   0x00000002   PAD
    0x08003110   0x08003110   0x0000000c   Code   RO         2900    i.rt_tick_get       clock.o
    0x0800311c   0x0800311c   0x0000002c   Code   RO         2901    i.rt_tick_increase  clock.o
    0x08003148   0x08003148   0x00000068   Code   RO         3602    i.rt_timer_check    timer.o
    0x080031b0   0x080031b0   0x00000030   Code   RO         3603    i.rt_timer_control  timer.o
    0x080031e0   0x080031e0   0x00000020   Code   RO         3604    i.rt_timer_detach   timer.o
    0x08003200   0x08003200   0x00000030   Code   RO         3605    i.rt_timer_init     timer.o
    0x08003230   0x08003230   0x0000008c   Code   RO         3607    i.rt_timer_start    timer.o
    0x080032bc   0x080032bc   0x0000002e   Code   RO         3608    i.rt_timer_stop     timer.o
    0x080032ea   0x080032ea   0x00000002   PAD
    0x080032ec   0x080032ec   0x0000027c   Code   RO         3203    i.rt_vsnprintf      kservice.o
    0x08003568   0x08003568   0x00000004   Code   RO         2944    i.rti_board_end     components.o
    0x0800356c   0x0800356c   0x00000004   Code   RO         2945    i.rti_board_start   components.o
    0x08003570   0x08003570   0x00000004   Code   RO         2946    i.rti_end           components.o
    0x08003574   0x08003574   0x00000004   Code   RO         2947    i.rti_start         components.o
    0x08003578   0x08003578   0x0000002a   Code   RO         2948    i.rtthread_startup  components.o
    0x080035a2   0x080035a2   0x00000002   PAD
    0x080035a4   0x080035a4   0x00000030   Code   RO         3779    i.show_wait_queue   cmd.o
    0x080035d4   0x080035d4   0x00000028   Code   RO         3205    i.skip_atoi         kservice.o
    0x080035fc   0x080035fc   0x000000d0   Code   RO         3685    i.usage_fault_track  cpuport.o
    0x080036cc   0x080036cc   0x0000000a   Code   RO         3780    i.version           cmd.o
    0x080036d6   0x080036d6   0x00000010   Data   RO         2865    .constdata          system_stm32f4xx.o
    0x080036e6   0x080036e6   0x00000008   Data   RO         2866    .constdata          system_stm32f4xx.o
    0x080036ee   0x080036ee   0x00000122   Data   RO         3207    .constdata          kservice.o
    0x08003810   0x08003810   0x00000006   Data   RO         3781    .constdata          cmd.o
    0x08003816   0x08003816   0x00000008   Data   RO         3782    .constdata          cmd.o
    0x0800381e   0x0800381e   0x0000000e   Data   RO         3783    .constdata          cmd.o
    0x0800382c   0x0800382c   0x0000000c   Data   RO         3784    .constdata          cmd.o
    0x08003838   0x08003838   0x00000012   Data   RO         3785    .constdata          cmd.o
    0x0800384a   0x0800384a   0x00000009   Data   RO         3786    .constdata          cmd.o
    0x08003853   0x08003853   0x0000000f   Data   RO         3787    .constdata          cmd.o
    0x08003862   0x08003862   0x0000000d   Data   RO         3788    .constdata          cmd.o
    0x0800386f   0x0800386f   0x00000013   Data   RO         3789    .constdata          cmd.o
    0x08003882   0x08003882   0x0000000b   Data   RO         3790    .constdata          cmd.o
    0x0800388d   0x0800388d   0x00000011   Data   RO         3791    .constdata          cmd.o
    0x0800389e   0x0800389e   0x00000005   Data   RO         3792    .constdata          cmd.o
    0x080038a3   0x080038a3   0x0000000b   Data   RO         3885    .constdata          msh.o
    0x080038ae   0x080038ae   0x00000009   Data   RO         3886    .constdata          msh.o
    0x080038b7   0x080038b7   0x00000001   PAD
    0x080038b8   0x080038b8   0x00000044   Data   RO         3793    .conststring        cmd.o
    0x080038fc   0x080038fc   0x00000004   Data   RO         2950    .rti_fn.0           components.o
    0x08003900   0x08003900   0x00000004   Data   RO         2951    .rti_fn.0.end       components.o
    0x08003904   0x08003904   0x00000004   Data   RO         2952    .rti_fn.1.end       components.o
    0x08003908   0x08003908   0x00000004   Data   RO         3946    .rti_fn.6           shell.o
    0x0800390c   0x0800390c   0x00000004   Data   RO         2953    .rti_fn.6.end       components.o
    0x08003910   0x08003910   0x00000060   Data   RO         3794    FSymTab             cmd.o
    0x08003970   0x08003970   0x00000010   Data   RO         3887    FSymTab             msh.o
    0x08003980   0x08003980   0x00000020   Data   RO         4326    Region$$Table       anon$$obj.o


    Execution Region RW_IRAM2 (Exec base: 0x10000000, Load base: 0x08003a44, Size: 0x00000000, Max: 0x00010000, ABSOLUTE)

    **** No section assigned to this execution region ****


    Execution Region RW_IRAM1 (Exec base: 0x20000000, Load base: 0x080039a0, Size: 0x00000d50, Max: 0x00030000, ABSOLUTE)

    Exec Addr    Load Addr    Size         Type   Attr      Idx    E Section Name        Object

    0x20000000   0x080039a0   0x0000000c   Data   RW         1704    .data               stm32f4xx_hal.o
    0x2000000c   0x080039ac   0x00000004   Data   RW         2867    .data               system_stm32f4xx.o
    0x20000010   0x080039b0   0x00000004   Data   RW         2903    .data               clock.o
    0x20000014   0x080039b4   0x00000001   Data   RW         3153    .data               irq.o
    0x20000015   0x080039b5   0x00000003   PAD
    0x20000018   0x080039b8   0x00000040   Data   RW         3376    .data               object.o
    0x20000058   0x080039f8   0x00000014   Data   RW         3431    .data               scheduler.o
    0x2000006c   0x08003a0c   0x0000000c   Data   RW         3609    .data               timer.o
    0x20000078   0x08003a18   0x00000004   Data   RW         3686    .data               cpuport.o
    0x2000007c   0x08003a1c   0x00000004   Data   RW         3687    .data               cpuport.o
    0x20000080   0x08003a20   0x00000004   Data   RW         3688    .data               cpuport.o
    0x20000084   0x08003a24   0x00000004   Data   RW         3689    .data               cpuport.o
    0x20000088   0x08003a28   0x00000018   Data   RW         3945    .data               shell.o
    0x200000a0   0x08003a40   0x00000004   Data   RW         4302    .data               mc_w.l(stdout.o)
    0x200000a4        -       0x00000040   Zero   RW          323    .bss                bsp_uart.o
    0x200000e4   0x08003a44   0x00000004   PAD
    0x200000e8        -       0x00000278   Zero   RW         2949    .bss                components.o
    0x20000360        -       0x000000f8   Zero   RW         3019    .bss                idle.o
    0x20000458        -       0x00000080   Zero   RW         3206    .bss                kservice.o
    0x200004d8        -       0x00000100   Zero   RW         3430    .bss                scheduler.o
    0x200005d8        -       0x00000374   Zero   RW         3944    .bss                shell.o
    0x2000094c   0x08003a44   0x00000004   PAD
    0x20000950        -       0x00000400   Zero   RW          359    STACK               startup_stm32f429xx.o


==============================================================================

Image component sizes


      Code (inc. data)   RO Data    RW Data    ZI Data      Debug   Object Name

        86         10          0          0          0       1857   board.o
       160          8          0          0          0        985   bsp_clock.o
       124          8          0          0          0        947   bsp_gpio.o
        94         14          0          0         64       2104   bsp_uart.o
       106         12          0          4          0       1884   clock.o
      1722        642        311          0          0      14298   cmd.o
       198         32         16          0        632       6172   components.o
       308         26          0          0          0        844   context_rvds.o
      1372        736          0         16          0       6606   cpuport.o
       190         26          0          0        248       5586   idle.o
        36          0          0          0          0       3942   ipc.o
        56         12          0          1          0       1618   irq.o
      1528        162        290          0        128      12496   kservice.o
        94         14          0          0          0     723725   main.o
       758        152         36          0          0       7661   msh.o
       168          6          0         64          0       6260   object.o
       416         56          0         20        256       8234   scheduler.o
       900        116          4         24        884       9279   shell.o
        36          8        428          0       1024        804   startup_stm32f429xx.o
       128         20          0         12          0       8407   stm32f4xx_hal.o
       172         14          0          0          0      33262   stm32f4xx_hal_cortex.o
       478         54          0          0          0       2412   stm32f4xx_hal_gpio.o
       156         20          0          0          0       2785   stm32f4xx_hal_msp.o
       112         14          0          0          0       1288   stm32f4xx_hal_pwr_ex.o
      1332         76          0          0          0       5228   stm32f4xx_hal_rcc.o
       680         10          0          0          0       4124   stm32f4xx_hal_uart.o
        12          0          0          0          0       2727   stm32f4xx_it.o
       152         26         24          4          0       1863   system_stm32f4xx.o
       684         44          0          0          0      11234   thread.o
       464         14          0         12          0       9780   timer.o

    ----------------------------------------------------------------------
     12762       2332       1142        160       3244     898412   Object Totals
         0          0         32          0          0          0   (incl. Generated)
        40          0          1          3          8          0   (incl. Padding)

    ----------------------------------------------------------------------

      Code (inc. data)   RO Data    RW Data    ZI Data      Debug   Library Member Name

         0          0          0          0          0          0   entry.o
         0          0          0          0          0          0   entry10a.o
         0          0          0          0          0          0   entry11a.o
         8          4          0          0          0          0   entry2.o
         4          0          0          0          0          0   entry5.o
         0          0          0          0          0          0   entry7b.o
         0          0          0          0          0          0   entry8b.o
         8          4          0          0          0          0   entry9a.o
        30          0          0          0          0          0   handlers.o
        36          8          0          0          0         68   init.o
        30          0          0          0          0         68   llshl.o
        32          0          0          0          0         68   llushr.o
        36          0          0          0          0         68   memcpya.o
        36          0          0          0          0        108   memseta.o
       372         14          0          0          0        184   printf1.o
         0          0          0          4          0          0   stdout.o
        24          0          0          0          0         68   strcat.o
        18          0          0          0          0         68   strcpy.o
        14          0          0          0          0         68   strlen.o
        30          0          0          0          0         80   strncmp.o
        24          0          0          0          0         76   strncpy.o
        44          0          0          0          0         80   uidiv.o
        98          0          0          0          0         92   uldiv.o

    ----------------------------------------------------------------------
       848         30          0          4          0       1096   Library Totals
         4          0          0          0          0          0   (incl. Padding)

    ----------------------------------------------------------------------

      Code (inc. data)   RO Data    RW Data    ZI Data      Debug   Library Name

       844         30          0          4          0       1096   mc_w.l

    ----------------------------------------------------------------------
       848         30          0          4          0       1096   Library Totals

    ----------------------------------------------------------------------

==============================================================================


      Code (inc. data)   RO Data    RW Data    ZI Data      Debug   

     13610       2362       1142        164       3244     886492   Grand Totals
     13610       2362       1142        164       3244     886492   ELF Image Totals
     13610       2362       1142        164          0          0   ROM Totals

==============================================================================

    Total RO  Size (Code + RO Data)                14752 (  14.41kB)
    Total RW  Size (RW Data + ZI Data)              3408 (   3.33kB)
    Total ROM Size (Code + RO Data + RW Data)      14916 (  14.57kB)

==============================================================================

