<html>
<body>
<pre>
<h1>µVision Build Log</h1>
<h2>Tool Versions:</h2>
IDE-Version: ¦ÌVision V5.25.2.0
Copyright (C) 2018 ARM Ltd and ARM Germany GmbH. All rights reserved.
License Information: z h, q, LIC=1WSAR-K5S9K-PF2IX-HTZYM-JECBB-7XHEH
 
Tool Versions:
Toolchain:       MDK-ARM Professional  Version: 5.25.2.0
Toolchain Path:  C:\Keil_v5\ARM\ARMCC\Bin
C Compiler:      Armcc.exe V5.06 update 6 (build 750)
Assembler:       Armasm.exe V5.06 update 6 (build 750)
Linker/Locator:  ArmLink.exe V5.06 update 6 (build 750)
Library Manager: ArmAr.exe V5.06 update 6 (build 750)
Hex Converter:   FromElf.exe V5.06 update 6 (build 750)
CPU DLL:         SARMCM3.DLL V5.25.2.0
Dialog DLL:      DCM.DLL V1.17.1.0
Target DLL:      Segger\JL2CM3.dll V2.99.29.0
Dialog DLL:      TCM.DLL V1.35.1.0
 
<h2>Project:</h2>
E:\STM32F429-APOLLO\STM32F429_HAL_RTT\MDK-ARM\STM32F429_HAL_RTT.uvprojx
Project File Date:  10/17/2020

<h2>Output:</h2>
*** Using Compiler 'V5.06 update 6 (build 750)', folder: 'C:\Keil_v5\ARM\ARMCC\Bin'
Build target 'STM32F429_HAL_RTT'
compiling main.c...
..\Src\main.c(83): warning:  #188-D: enumerated type mixed with another type
  	  HAL_GPIO_WritePin(GPIOB,GPIO_PIN_1,0);
..\Src\main.c(84): warning:  #188-D: enumerated type mixed with another type
  	  HAL_GPIO_WritePin(GPIOB,GPIO_PIN_0,1);
..\Src\main.c(86): warning:  #188-D: enumerated type mixed with another type
  	  HAL_GPIO_WritePin(GPIOB,GPIO_PIN_1,1);
..\Src\main.c(87): warning:  #188-D: enumerated type mixed with another type
  	  HAL_GPIO_WritePin(GPIOB,GPIO_PIN_0,0);
..\Src\main.c(71): warning:  #177-D: variable "i"  was declared but never referenced
  	unsigned int i=0;
..\Src\main.c: 5 warnings, 0 errors
linking...
Program Size: Code=13610 RO-data=1142 RW-data=164 ZI-data=3244  
FromELF: creating hex file...
".\Output\STM32F429_HAL_RTT.axf" - 0 Error(s), 5 Warning(s).

<h2>Software Packages used:</h2>

Package Vendor: ARM
                http://www.keil.com/pack/ARM.CMSIS.5.4.0.pack
                ARM.CMSIS.5.4.0
                CMSIS (Cortex Microcontroller Software Interface Standard)
   * Component: CORE Version: 5.1.2

Package Vendor: Keil
                http://www.keil.com/pack/Keil.STM32F4xx_DFP.2.13.0.pack
                Keil.STM32F4xx_DFP.2.13.0
                STMicroelectronics STM32F4 Series Device Support, Drivers and Examples

<h2>Collection of Component include folders:</h2>
  .\RTE\_STM32F429_HAL_RTT
  C:\Keil_v5\ARM\PACK\ARM\CMSIS\5.4.0\CMSIS\Core\Include
  C:\Keil_v5\ARM\PACK\Keil\STM32F4xx_DFP\2.13.0\Drivers\CMSIS\Device\ST\STM32F4xx\Include

<h2>Collection of Component Files used:</h2>

   * Component: ARM::CMSIS:CORE:5.1.2
Build Time Elapsed:  00:00:03
</pre>
</body>
</html>
